>PDB:1R9O_A mol:protein length:477     Cytochrome P450 2C9
>PDB:1R9K_A mol:protein length:172     Typeiii-Secreted Protein Effector: Invasion-
>PDB:1RJD_A mol:protein length:334     Carboxy Methyl Transferase For Protein Phosp
>PDB:1RJ8_A mol:protein length:164     Ectodysplasin-A Isoform Eda-A2
>PDB:1RJJ_A mol:protein length:111     Expressed Protein
>PDB:1RJ1_A mol:protein length:151     Invertase Inhibitor
>PDB:1RJB_A mol:protein length:344     Fl Cytokine Receptor
>PDB:1RJT_A mol:protein length:73     Small Inducible Cytokine B11
>PDB:1V47_A mol:protein length:349     ATP Sulfurylase
>PDB:1V4A_A mol:protein-het length:440     Glutamate-Ammonia-Ligase Adenylyltransfe
>PDB:1V6S_A mol:protein length:390     Phosphoglycerate Kinase
>PDB:1V61_A mol:protein length:132     Rac/Cdc42 Guanine Nucleotide Exchange Factor
>PDB:1V62_A mol:protein length:117     Kiaa1719 Protein
>PDB:1V63_A mol:protein length:101     Nucleolar Transcription Factor 1
>PDB:1V64_A mol:protein length:108     Nucleolar Transcription Factor 1
>PDB:1V65_A mol:protein length:64     Riken Cdna 2610044O15
>PDB:1V6B_A mol:protein length:118     Harmonin Isoform A1
>PDB:1V6G_A mol:protein length:81     Actin Binding Lim Protein 2
>PDB:1RQI_A mol:protein length:300     Geranyltranstransferase
>PDB:1RQP_A mol:protein length:299     5'-Fluoro-5'-Deoxyadenosine Synthase
>PDB:1RQ5_A mol:protein length:610     Cellobiohydrolase
>PDB:1RQG_A mol:protein length:722     Methionyl-tRNA Synthetase
>PDB:1RQ0_A mol:protein length:342     Peptide Chain Release Factor 1
>PDB:1RW2_A mol:protein length:152     ATP-Dependent DNA Helicase II, 80 Kda Subuni
>PDB:1RW7_A mol:protein length:243     Ydr533Cp
>PDB:1RW9_A mol:protein length:757     Chondroitin Ac Lyase
>PDB:1RWR_A mol:protein length:301     Filamentous Hemagglutinin
>PDB:1RWI_B mol:protein length:270     Serine/Threonine-Protein Kinase Pknd
>PDB:1RW3_A mol:protein length:455     Pol Polyprotein
>PDB:1RWJ_A mol:protein length:82     Cytochrome C Family Protein
>PDB:1RW6_A mol:protein length:210     Amyloid Beta A4 Protein
>PDB:1V54_G mol:protein-het length:85     Cytochrome C Oxidase Polypeptide Via-Hear
>PDB:1V5J_A mol:protein length:108     Kiaa1355 Protein
>PDB:1V5M_A mol:protein length:136     Sh2 and pH Domain-Containing Adapter Protein
>PDB:1V5N_A mol:protein length:89     Pdi-Like Hypothetical Protein At1G60420
>PDB:1V5O_A mol:protein length:102     1700011N24Rik Protein
>PDB:1V5P_A mol:protein length:126     Pleckstrin Homology Domain-Containing, Famil
>PDB:1V5S_A mol:protein length:126     Map/Microtubule Affinity-Regulating Kinase 3
>PDB:1V5T_A mol:protein length:90     8430435I17Rik Protein
>PDB:1V5U_A mol:protein length:117     Set Binding Factor 1
>PDB:1V5H_A mol:protein length:193     Cytoglobin
>PDB:1V57_A mol:protein length:241     Thiol: Disulfide Interchange Protein Dsbg
>PDB:1V7O_A mol:protein-het length:165     Alanyl-tRNA Synthetase
>PDB:1V7M_V mol:protein length:163     Thrombopoietin
>PDB:1V74_A mol:protein length:107     Colicin D
>PDB:1V74_B mol:protein length:87     Colicin D Immunity Protein
>PDB:1V7V_A mol:protein length:807     Chitobiose Phosphorylase
>PDB:1V77_A mol:protein length:212     Hypothetical Protein pH1877
>PDB:1S20_A mol:protein-het length:340     Hypothetical Oxidoreductase Yiak
>PDB:1S29_A mol:protein-het length:92     La Protein
>PDB:1S2A_A mol:protein length:331     Aldo-Keto Reductase Family 1 Member C3
>PDB:1S2D_A mol:protein-het length:167     Purine Trans Deoxyribosylase
>PDB:1S2H_A mol:protein length:206     Mitotic Spindle Assembly Checkpoint Protein
>PDB:1S2B_A mol:protein length:206     Scytalidopepsin B
>PDB:1S24_A mol:protein length:87     Rubredoxin 2
>PDB:1S2X_A mol:protein-het length:206     Cag-Z
>PDB:1S21_A mol:protein length:206     Orf2
>PDB:1S28_A mol:protein-het length:132     Orf1
>PDB:1S2J_A mol:protein length:209     Peptidoglycan Recognition Protein Sa Cg11709
>PDB:1V8A_A mol:protein length:265     Hydroxyethylthiazole Kinase
>PDB:1V8C_A mol:protein length:168     Moad Related Protein
>PDB:1V8G_A mol:protein length:329     Anthranilate Phosphoribosyltransferase
>PDB:1V8O_A mol:protein-het length:158     Hypothetical Protein Pae2754
>PDB:1V8J_A mol:protein length:410     Kinesin-Like Protein Kif2C
>PDB:1V86_A mol:protein length:95     DNA Segment, Chr 7, Wayne State University 12
>PDB:1V87_A mol:protein length:114     Deltex Protein 2
>PDB:1V88_A mol:protein length:130     Oxysterol Binding Protein-Related Protein 8
>PDB:1V89_A mol:protein length:118     Hypothetical Protein Kiaa0053
>PDB:1V8D_A mol:protein length:235     Hypothetical Protein (Tt1679)
>PDB:1S3I_A mol:protein length:310     10-Formyltetrahydrofolate Dehydrogenase
>PDB:1S3S_G mol:protein length:127     P47 Protein
>PDB:1S3J_A mol:protein-het length:155     Yuso Protein
>PDB:1S35_A mol:protein length:214     Spectrin Beta Chain, Erythrocyte
>PDB:1S3Z_A mol:protein length:165     Aminoglycoside 6'-N-Acetyltransferase
>PDB:1S3L_A mol:protein length:190     Hypothetical Protein Mj0936
>PDB:1S4Q_A mol:protein length:228     Guanylate Kinase
>PDB:1S4X_A mol:protein length:67     Integrin Beta-3
>PDB:1S4Z_A mol:protein length:75     Chromobox Protein Homolog 1
>PDB:1S4Z_C mol:protein length:30     Chromatin Assembly Factor 1 Subunit A
>PDB:1S48_A mol:protein-het length:609     RNA-Dependent RNA Polymerase
>PDB:1S4E_A mol:protein-het length:352     Galactokinase
>PDB:1S4N_A mol:protein length:348     Glycolipid 2-Alpha-Mannosyltransferase
>PDB:1S4K_A mol:protein-het length:120     Putative Cytoplasmic Protein Ydil
>PDB:1S5L_B mol:protein length:510     Photosystem II Core Light Harvesting Protein
>PDB:1S5L_E mol:protein length:84     Cytochrome B559 Alpha Subunit
>PDB:1S5L_F mol:protein length:45     Cytochrome B559 Beta Subunit
>PDB:1S5L_H mol:protein length:66     Photosystem II Psbh Protein
>PDB:1S5L_I mol:protein length:38     Photosystem II Reaction Center I Protein
>PDB:1S5L_J mol:protein length:40     Photosystem II Reaction Center J Protein
>PDB:1S5L_L mol:protein length:37     Photosystem II Reaction Center L Protein
>PDB:1S5L_M mol:protein length:36     Photosystem II Reaction Center M Protein
>PDB:1S5L_O mol:protein length:246     Photosystem II Manganese-Stabilizing Polypep
>PDB:1S5L_T mol:protein length:32     Photosystem II Psbt Protein
>PDB:1S5L_U mol:protein length:134     Photosystem II 12 Kda Extrinsic Protein
>PDB:1S5L_X mol:protein length:50     Photosystem II Psbx Protein
>PDB:1S5L_Z mol:protein length:62     Photosystem II Reaction Center Z Protein
>PDB:1S5A_A mol:protein-het length:150     Hypothetical Protein Yese
>PDB:1S5U_A mol:protein length:138     Protein Ybgc
>PDB:1S5R_A mol:protein length:23     High Mobility Group Box Transcription Factor
>PDB:1S58_A mol:protein length:554     B19 Parvovirus Capsid
>PDB:1V93_A mol:protein length:296     5,10-Methylenetetrahydrofolate Reductase
>PDB:1V9J_A mol:protein length:113     Bola-Like Protein Riken Cdna 1110025L05
>PDB:1V9D_A mol:protein length:340     Diaphanous Protein Homolog 1
>PDB:1V92_A mol:protein length:46     Nsfl1 Cofactor P47
>PDB:1V9K_A mol:protein-het length:228     Ribosomal Large Subunit Pseudouridine Sy
>PDB:1V9Y_A mol:protein length:167     Heme Pas Sensor Protein
>PDB:1V95_A mol:protein length:130     Nuclear Receptor Coactivator 5
>PDB:1V9W_A mol:protein length:130     Putative 42-9-9 Protein
>PDB:1V9H_A mol:protein length:197     Ribonuclease Mc
>PDB:1S18_A mol:protein length:331     Apyrase
>PDB:1S1G_A mol:protein length:124     Potassium Voltage-Gated Channel Subfamily D
>PDB:1S16_A mol:protein length:390     Topoisomerase IV Subunit B
>PDB:1S1H_B mol:protein length:185     40S Ribosomal Protein S0-A
>PDB:1S1H_C mol:protein length:192     40S Ribosomal Protein S3
>PDB:1S1H_D mol:protein length:179     40S Ribosomal Protein S9-A
>PDB:1S1H_E mol:protein length:149     40S Ribosomal Protein S2
>PDB:1S1H_G mol:protein length:150     40S Ribosomal Protein S5
>PDB:1S1H_I mol:protein length:142     40S Ribosomal Protein S16
>PDB:1S1H_J mol:protein length:100     40S Ribosomal Protein S20
>PDB:1S1H_K mol:protein length:136     40S Ribosomal Protein S14-A
>PDB:1S1H_L mol:protein length:118     40S Ribosomal Protein S23
>PDB:1S1H_M mol:protein length:132     40S Ribosomal Protein S18
>PDB:1S1H_N mol:protein length:36     40S Ribosomal Protein S29-B
>PDB:1S1H_O mol:protein length:65     40S Ribosomal Protein S13
>PDB:1S1H_Q mol:protein length:76     40S Ribosomal Protein S11
>PDB:1S1H_S mol:protein length:80     40S Ribosomal Protein S15
>PDB:1S1I_A mol:protein length:217     60S Ribosomal Protein L1
>PDB:1S1I_B mol:protein length:253     60S Ribosomal Protein L2
>PDB:1S1I_C mol:protein length:386     60S Ribosomal Protein L3
>PDB:1S1I_D mol:protein length:361     60S Ribosomal Protein L4-B
>PDB:1S1I_E mol:protein length:222     60S Ribosomal Protein L5
>PDB:1S1I_F mol:protein length:162     60S Ribosomal Protein L7-A
>PDB:1S1I_G mol:protein length:119     60S Ribosomal Protein L8-A
>PDB:1S1I_H mol:protein length:191     60S Ribosomal Protein L9-A
>PDB:1S1I_I mol:protein length:168     60S Ribosomal Protein L10
>PDB:1S1I_J mol:protein length:173     60S Ribosomal Protein L11
>PDB:1S1I_K mol:protein length:131     60S Ribosomal Protein L12
>PDB:1S1I_L mol:protein length:203     60S Ribosomal Protein L15-A
>PDB:1S1I_M mol:protein length:146     60S Ribosomal Protein L16-A
>PDB:1S1I_N mol:protein length:183     60S Ribosomal Protein L17-A
>PDB:1S1I_O mol:protein length:120     60S Ribosomal Protein L18
>PDB:1S1I_P mol:protein length:142     60S Ribosomal Protein L19
>PDB:1S1I_Q mol:protein length:100     60S Ribosomal Protein L21-A
>PDB:1S1I_R mol:protein length:137     60S Ribosomal Protein L23
>PDB:1S1I_S mol:protein length:56     60S Ribosomal Protein L24-A
>PDB:1S1I_U mol:protein length:126     60S Ribosomal Protein L26-A
>PDB:1S1I_V mol:protein length:148     60S Ribosomal Protein L28
>PDB:1S1I_0 mol:protein length:130     60S Ribosomal Protein L32
>PDB:1S1I_W mol:protein length:112     60S Ribosomal Protein L31
>PDB:1S1I_X mol:protein length:120     60S Ribosomal Protein L35
>PDB:1S1I_Y mol:protein length:87     60S Ribosomal Protein L37-A
>PDB:1S1I_Z mol:protein length:105     60S Ribosomal Protein L42
>PDB:1S1I_9 mol:protein length:91     60S Ribosomal Protein L43
>PDB:1S68_A mol:protein length:249     RNA Ligase 2
>PDB:1S6C_B mol:protein length:30     Potassium Voltage-Gated Channel Subfamily D M
>PDB:1S6Y_A mol:protein-het length:450     6-Phospho-Beta-Glucosidase
>PDB:1S6I_A mol:protein length:188     Calcium-Dependent Protein Kinase Sk5
>PDB:1S6D_A mol:protein length:103     Albumin 8
>PDB:1S7Z_A mol:protein-het length:117     Gene 0.3 Protein
>PDB:1S7B_A mol:protein length:110     Emre Protein
>PDB:1S7J_A mol:protein length:262     Phenazine Biosynthesis Protein Phzf Family
>PDB:1S79_A mol:protein length:103     Lupus La Protein
>PDB:1S7A_A mol:protein length:103     Lupus La Protein
>PDB:1S7M_A mol:protein length:174     Hia
>PDB:1S72_A mol:protein length:240     50S Ribosomal Protein L2P
>PDB:1S72_D mol:protein length:177     50S Ribosomal Protein L5P
>PDB:1S72_E mol:protein length:178     50S Ribosomal Protein L6P
>PDB:1S72_H mol:protein length:171     50S Ribosomal Protein L10E
>PDB:1S72_I mol:protein length:162     50S Ribosomal Protein L11P
>PDB:1S72_L mol:protein length:165     50S Ribosomal Protein L15P
>PDB:1S72_N mol:protein length:187     50S Ribosomal Protein L18P
>PDB:1S72_O mol:protein length:116     50S Ribosomal Protein L18E
>PDB:1S72_P mol:protein length:149     50S Ribosomal Protein L19E
>PDB:1S72_Q mol:protein length:96     50S Ribosomal Protein L21E
>PDB:1S72_R mol:protein length:155     50S Ribosomal Protein L22P
>PDB:1S72_S mol:protein length:85     50S Ribosomal Protein L23P
>PDB:1S72_T mol:protein length:120     50S Ribosomal Protein L24P
>PDB:1S72_V mol:protein length:71     50S Ribosomal Protein L29P
>PDB:1S72_X mol:protein length:92     50S Ribosomal Protein L31E
>PDB:1S72_Y mol:protein length:241     50S Ribosomal Protein L32E
>PDB:1S72_1 mol:protein length:57     50S Ribosomal Protein L37E
>PDB:1S72_2 mol:protein length:50     50S Ribosomal Protein L39E
>PDB:1S70_B mol:protein length:299     130 Kda Myosin-Binding Subunit Of Smooth Mus
>PDB:1S7O_A mol:protein length:113     Hypothetical Upf0122 Protein Spy1201/Spym3_0
>PDB:1S7D_A mol:protein length:216     Metal-Binding Protein Yoda
>PDB:1S7I_A mol:protein length:124     Hypothetical Protein Pa1349
>PDB:1UZ5_A mol:protein length:402     402Aa Long Hypothetical Molybdopterin Biosyn
>PDB:1UZB_A mol:protein length:516     1-Pyrroline-5-Carboxylate Dehydrogenase
>PDB:1UZX_A mol:protein-het length:169     Vacuolar Protein Sorting-Associated Prot
>PDB:1UZC_A mol:protein length:71     Hypothetical Protein Flj21157
>PDB:1UZJ_A mol:protein length:162     Fibrillin-1
>PDB:1UZT_N mol:protein-het length:34     Lantibiotic Nisin Z
>PDB:1V04_A mol:protein length:355     Serum Paraoxonase/Arylesterase 1
>PDB:1V02_A mol:protein length:565     Dhurrinase
>PDB:1V0D_A mol:protein length:329     DNA Fragmentation Factor 40 Kda Subunit
>PDB:1V0R_A mol:protein length:506     Phospholipase D
>PDB:1T0G_A mol:protein length:109     Cytochrome B5 Domain-Containing Protein
>PDB:1T0Y_A mol:protein length:122     Tubulin Folding Cofactor B
>PDB:1T09_A mol:protein length:414     Isocitrate Dehydrogenase [Nadp] Cytoplasmic
>PDB:1T0I_A mol:protein length:191     Ylr011Wp
>PDB:1T0K_B mol:protein length:105     60S Ribosomal Protein L30
>PDB:1T0Q_A mol:protein length:498     Toluene, O-Xylene Monooxygenase Oxygenase Su
>PDB:1T0Q_B mol:protein length:330     Toluene, O-Xylene Monooxygenase Oxygenase Su
>PDB:1T0Q_C mol:protein length:86     Toub
>PDB:1T06_A mol:protein length:235     Hypothetical Protein
>PDB:1T07_A mol:protein-het length:94     Hypothetical Upf0269 Protein Pa5148
>PDB:1T0B_A mol:protein length:252     Thua-Like Protein
>PDB:1V19_A mol:protein length:309     2-Keto-3-Deoxygluconate Kinase
>PDB:1V1O_A mol:protein length:213     Exotoxin 1
>PDB:1V10_A mol:protein length:521     Laccase
>PDB:1T35_A mol:protein-het length:191     Hypothetical Protein Yvdd, Putative Lysi
>PDB:1T3U_A mol:protein-het length:104     Conserved Hypothetical Protein
>PDB:1T3A_A mol:protein length:421     Neurotoxin Type E
>PDB:1T3D_A mol:protein-het length:289     Serine Acetyltransferase
>PDB:1T3M_B mol:protein length:147     Putative L-Asparaginase
>PDB:1T3N_A mol:protein length:388     Polymerase (DNA Directed) Iota
>PDB:1T3E_A mol:protein length:421     Gephyrin
>PDB:1T3E_P mol:protein length:49     49-Mer Fragment Of Glycine Receptor Beta Chai
>PDB:1T33_A mol:protein length:224     Putative Transcriptional Repressor (Tetr/Acr
>PDB:1T3J_A mol:protein length:96     Mitofusin 1
>PDB:1T3K_A mol:protein length:152     Dual-Specificity Tyrosine Phosphatase
>PDB:1T3Q_A mol:protein length:168     Quinoline 2-Oxidoreductase Small Subunit
>PDB:1T3Q_B mol:protein length:788     Quinoline 2-Oxidoreductase Large Subunit
>PDB:1T3Q_C mol:protein length:288     Quinoline 2-Oxidoreductase Medium Subunit
>PDB:1T3T_A mol:protein-het length:1303     Phosphoribosylformylglycinamidine Synth
>PDB:1T3I_A mol:protein length:420     Probable Cysteine Desulfurase
>PDB:1T27_A mol:protein length:271     Phosphatidylinositol Transfer Protein Alpha
>PDB:1T50_A mol:protein length:58     Attractin
>PDB:1T5J_A mol:protein length:313     Hypothetical Protein Mj1187
>PDB:1T5Y_A mol:protein-het length:190     Saccharomyces Cerevisiae Nip7P Homolog
>PDB:1T56_A mol:protein length:216     Ethr Repressor
>PDB:1T57_A mol:protein-het length:206     Conserved Protein Mth1675
>PDB:1T5D_X mol:protein length:504     4-Chlorobenzoyl Coa Ligase
>PDB:1T5W_C mol:protein length:15     15-Mer Peptide Fragment Of Regulatory Protein
>PDB:1T5R_A mol:protein length:284     Luks-Pv
>PDB:1T5I_A mol:protein length:172     C_Terminal Domain Of A Probable ATP-Dependen
>PDB:1T5M_A mol:protein-het length:13     Daptomycin
>PDB:1T5O_A mol:protein length:351     Translation Initiation Factor Eif2B, Subunit
>PDB:1T62_A mol:protein length:166     Conserved Hypothetical Protein
>PDB:1T6A_A mol:protein-het length:126     Rbstp2229 Gene Product
>PDB:1T6I_A mol:protein-het length:118     Superoxide Dismutase [Ni]
>PDB:1T6B_Y mol:protein length:189     Anthrax Toxin Receptor 2
>PDB:1T6C_A mol:protein length:315     Exopolyphosphatase
>PDB:1T6T_1 mol:protein-het length:118     Putative Protein
>PDB:1T6L_A mol:protein length:290     DNA Polymerase Processivity Factor
>PDB:1T6N_A mol:protein length:220     Probable ATP-Dependent RNA Helicase
>PDB:1T6E_X mol:protein length:381     Xylanase Inhibitor
>PDB:1T6J_A mol:protein-het length:714     Phenylalanine Ammonia-Lyase
>PDB:1T82_A mol:protein-het length:155     Hypothetical Acetyltransferase
>PDB:1T8H_A mol:protein length:277     Ylmd Protein Sequence Homologue
>PDB:1T8Q_A mol:protein-het length:336     Glycerophosphoryl Diester Phosphodiester
>PDB:1T8P_A mol:protein length:267     Bisphosphoglycerate Mutase
>PDB:1T8R_A mol:protein-het length:484     Amp Nucleosidase
>PDB:1VYE_A mol:protein length:80     Ly-6/Neurotoxin-Like Protein 1
>PDB:1VYB_A mol:protein length:238     Orf2 Contains A Reverse Transcriptase Domain
>PDB:1VYC_A mol:protein length:65     Bucain
>PDB:1VYT_E mol:protein length:25     Calcium Channel Beta-3 Subunit
>PDB:1VYV_A mol:protein-het length:359     Calcium Channel Beta-4Subunit
>PDB:1VYF_A mol:protein length:135     14 Kda Fatty Acid Binding Protein
>PDB:1VYX_A mol:protein length:60     Orf K3
>PDB:1T4O_A mol:protein length:117     Ribonuclease III
>PDB:1T43_A mol:protein length:277     Protein Methyltransferase Hemk
>PDB:1T4H_A mol:protein-het length:290     Serine/Threonine-Protein Kinase Wnk1
>PDB:1T4W_A mol:protein length:196     C. Elegans P53 Tumor Suppressor-Like Transcr
>PDB:1T9F_A mol:protein length:187     Protein 1D10
>PDB:1T9G_R mol:protein length:333     Electron Transfer Flavoprotein Alpha-Subunit
>PDB:1T9R_A mol:protein length:366     Cgmp-Specific 3',5'-Cyclic Phosphodiesterase
>PDB:1T94_A mol:protein length:459     Polymerase (DNA Directed) Kappa
>PDB:1T92_A mol:protein length:116     General Secretion Pathway Protein G
>PDB:1W0B_A mol:protein length:102     Alpha-Hemoglobin Stabilizing Protein
>PDB:1W0O_A mol:protein length:781     Sialidase
>PDB:1W0M_A mol:protein length:226     Triosephosphate Isomerase
>PDB:1W0C_A mol:protein length:307     Pteridine Reductase
>PDB:1W0H_A mol:protein-het length:204     3'-5' Exonuclease Eri1
>PDB:1TQ1_A mol:protein length:129     Senescence-Associated Family Protein
>PDB:1TQ8_A mol:protein-het length:163     Hypothetical Protein Rv1636
>PDB:1TQQ_A mol:protein length:471     Outer Membrane Protein Tolc
>PDB:1TQN_A mol:protein length:486     Cytochrome P450 3A4
>PDB:1TQY_A mol:protein length:424     Beta-Ketoacyl Synthase/Acyl Transferase
>PDB:1TQY_B mol:protein length:415     Actinorhodin Polyketide Putative Beta-Ketoac
>PDB:1TQG_A mol:protein length:105     Chemotaxis Protein Chea
>PDB:1TQI_A mol:protein length:282     Conserved Hypothetical Protein
>PDB:1W15_A mol:protein length:153     Synaptotagmin IV
>PDB:1W1O_A mol:protein length:534     Cytokinin Dehydrogenase 1
>PDB:1W1I_E mol:protein length:357     Adenosine Deaminase
>PDB:1W1W_A mol:protein length:430     Structural Maintenance Of Chromosome 1
>PDB:1W1W_E mol:protein length:121     Sister Chromatid Cohesion Protein 1
>PDB:1U02_A mol:protein-het length:239     Trehalose-6-Phosphate Phosphatase Relate
>PDB:1U08_A mol:protein length:386     Hypothetical Aminotransferase Ybdl
>PDB:1U0S_A mol:protein length:86     Chemotaxis Protein Chea
>PDB:1U04_A mol:protein-het length:771     Hypothetical Protein Pf0537
>PDB:1U09_A mol:protein length:476     Polyprotein
>PDB:1U0R_A mol:protein length:307     Inorganic Polyphosphate/ATP-Nad Kinase
>PDB:1U0L_A mol:protein length:301     Probable Gtpase Engc
>PDB:1U0K_A mol:protein-het length:288     Gene Product Pa4716
>PDB:1U0M_A mol:protein length:382     Putative Polyketide Synthase
>PDB:1U00_A mol:protein length:227     Chaperone Protein Hsca
>PDB:1W2W_A mol:protein-het length:211     5-Methylthioribose-1-Phosphate Isomerase
>PDB:1W2W_B mol:protein-het length:191     5-Methylthioribose-1-Phosphate Isomerase
>PDB:1W26_A mol:protein-het length:432     Trigger Factor
>PDB:1W2F_A mol:protein-het length:276     Inositol-Trisphosphate 3-Kinase A
>PDB:1W2Y_A mol:protein length:229     Deoxyuridine 5'-Triphosphate Nucleotide Hydr
>PDB:1W28_A mol:protein length:331     Deacetoxycephalosporin C Synthase
>PDB:1WMX_A mol:protein length:205     Cog3291: Fog: Pkd Repeat
>PDB:1WMY_A mol:protein length:140     Lectin Cel-I, N-Acetyl-D-Galactosamine-Speci
>PDB:1WMD_A mol:protein length:434     Protease
>PDB:1W3D_A mol:protein length:55     Dihydrolipoyllysine-Residue Acetyltransferase
>PDB:1W37_A mol:protein length:294     2-Keto-3-Deoxy Gluconate Aldolase
>PDB:1W3B_A mol:protein length:388     Udp-N-Acetylglucosamine--Peptide N-Acetylglu
>PDB:1W30_A mol:protein length:201     Pyrr Bifunctional Protein
>PDB:1U4C_A mol:protein-het length:349     Cell Cycle Arrest Protein Bub3
>PDB:1U46_A mol:protein length:291     Activated Cdc42 Kinase 1
>PDB:1U60_A mol:protein length:310     Probable Glutaminase Ybas
>PDB:1U61_A mol:protein-het length:138     Hypothetical Protein
>PDB:1U69_A mol:protein-het length:163     Hypothetical Protein
>PDB:1U6D_X mol:protein length:308     Kelch-Like Ech-Associated Protein 1
>PDB:1U7I_A mol:protein-het length:136     Hypothetical Protein
>PDB:1U78_A mol:protein length:141     Transposable Element Tc3 Transposase
>PDB:1U79_A mol:protein length:129     Fkbp-Type Peptidyl-Prolyl Cis-Trans Isomeras
>PDB:1U7K_A mol:protein-het length:131     Gag Polyprotein
>PDB:1W53_A mol:protein length:84     Phosphoserine Phosphatase Rsbu
>PDB:1W50_A mol:protein length:411     Beta-Secretase 1
>PDB:1W55_A mol:protein length:371     Ispd/Ispf Bifunctional Enzyme
>PDB:1W5S_A mol:protein length:412     Orc2
>PDB:1U3C_A mol:protein length:509     Cryptochrome 1 Apoprotein
>PDB:1U3E_M mol:protein length:174     Hnh Homing Endonuclease
>PDB:1U34_A mol:protein length:119     Corticotropin Releasing Factor Receptor 2
>PDB:1U5T_A mol:protein length:233     Appears To Be Functionally Related To Snf7
>PDB:1U5T_C mol:protein length:202     Hypothetical 23.6 Kda Protein In Yuh1-Ura8 I
>PDB:1U5M_A mol:protein length:73     Alpha 1 Type II Collagen Isoform 1
>PDB:1U5H_A mol:protein length:273     Cite
>PDB:1U5Q_A mol:protein-het length:348     Serine/Threonine Protein Kinase Tao2
>PDB:1U5X_A mol:protein length:140     Tumor Necrosis Factor Ligand Superfamily Mem
>PDB:1U8S_A mol:protein length:192     Glycine Cleavage System Transcriptional Repr
>PDB:1U8X_X mol:protein-het length:472     Maltose-6'-Phosphate Glucosidase
>PDB:1U83_A mol:protein-het length:276     Phosphosulfolactate Synthase
>PDB:1U84_A mol:protein length:90     Hypothetical Protein
>PDB:1WNC_A mol:protein length:112     E2 Glycoprotein
>PDB:1WN4_A mol:protein length:28     Vontr Protein
>PDB:1WN8_A mol:protein length:22     Kalata B3/B6
>PDB:1WNB_A mol:protein length:495     Putative Betaine Aldehyde Dehydrogenase
>PDB:1X6O_A mol:protein length:174     Eukaryotic Initiation Factor 5A
>PDB:1X7F_A mol:protein length:385     Outer Surface Protein
>PDB:1X7L_A mol:protein length:149     Hypothetical Protein Dr1885
>PDB:1X7V_A mol:protein-het length:99     Pa3566 Protein
>PDB:1X72_A mol:protein-het length:334     Putative Peptidyl-Arginine Deiminase
>PDB:1X79_B mol:protein length:112     Rab Gtpase Binding Effector Protein 1
>PDB:1W63_A mol:protein length:618     Adapter-Related Protein Complex 1 Gamma 1 Su
>PDB:1W63_Q mol:protein length:158     Adapter-Related Protein Complex 1 Sigma 1A S
>PDB:1X9G_A mol:protein length:200     Putative Mar1
>PDB:1W4X_A mol:protein length:542     Phenylacetone Monooxygenase
>PDB:1W7L_A mol:protein-het length:422     Kynurenine--Oxoglutarate Transaminase I
>PDB:1W7P_D mol:protein length:566     Vps36P, Ylr417W
>PDB:1X8M_A mol:protein length:288     4-Deoxy-L-Threo-5-Hexosulose-Uronate Ketol-
>PDB:1XFJ_A mol:protein-het length:261     Conserved Hypothetical Protein
>PDB:1XFI_A mol:protein length:367     Unknown Protein
>PDB:1XFS_A mol:protein-het length:178     Conserved Hypothetical Protein
>PDB:1XFO_A mol:protein length:357     Frv Operon Protein Frvx
>PDB:1XHL_A mol:protein length:297     Short-Chain Dehydrogenase/Reductase Family M
>PDB:1XHK_A mol:protein-het length:187     Putative Protease La Homolog
>PDB:1XM5_A mol:protein length:155     Hypothetical Upf0054 Protein Ybey
>PDB:1XM8_A mol:protein length:254     Glyoxalase II
>PDB:1XMB_A mol:protein length:418     Iaa-Amino Acid Hydrolase Homolog 2
>PDB:1OB8_A mol:protein length:135     Holliday-Junction Resolvase
>PDB:1R5E_A mol:protein length:115     Avirulence Protein
>PDB:1R6V_A mol:protein length:671     Subtilisin-Like Serine Protease
>PDB:1SVL_A mol:protein length:377     Large T Antigen
>PDB:1U4Q_A mol:protein length:322     Spectrin Alpha Chain, Brain
>PDB:1U7P_A mol:protein length:164     Magnesium-Dependent Phosphatase-1
>PDB:1ULY_A mol:protein-het length:192     Hypothetical Protein pH1932
>PDB:1V8I_A mol:protein length:170     ADP-Ribose Pyrophosphatase
>PDB:1WMT_A mol:protein length:41     Istx
>PDB:1WPH_A mol:protein-het length:201     Hypothetical Upf0207 Protein Yfbr
>PDB:1XC2_A mol:protein-het length:263     Pyrroline-5-Carboxylate Reductase
>PDB:1XDI_A mol:protein length:499     Rv3303C-Lpda
>PDB:1XJD_A mol:protein-het length:345     Protein Kinase C, Theta Type
>PDB:1XK8_A mol:protein length:147     Divalent Cation Tolerant Protein Cuta
>PDB:1XKI_A mol:protein length:162     Von Ebner'S Gland Protein
>PDB:1XL7_A mol:protein-het length:612     Peroxisomal Carnitine O-Octanoyltransfer
>PDB:1XM3_A mol:protein-het length:264     Thiazole Biosynthesis Protein Thig
>PDB:1XO3_A mol:protein length:101     Riken Cdna 2900073H19
>PDB:1XO8_A mol:protein length:151     At1G01470
>PDB:1XO9_A mol:protein length:150     Hypothetical Protein At3G03773
>PDB:1XPJ_A mol:protein length:126     Hypothetical Protein
>PDB:1XQ6_A mol:protein length:253     Unknown Protein
>PDB:1XQB_A mol:protein-het length:247     Hypothetical Upf0066 Protein Hi0510
>PDB:1UPV_A mol:protein length:257     Oxysterols Receptor Lxr-Beta
>PDB:1UR0_A mol:protein length:399     Galactanase
>PDB:1V1Q_A mol:protein length:134     Primosomal Replication Protein N
>PDB:1VYI_A mol:protein length:112     RNA Polymerase Alpha Subunit
>PDB:1W3O_A mol:protein length:216     Nima-Related Protein
>PDB:1W74_A mol:protein length:191     Peptidyl-Prolyl Cis-Trans Isomerase A
>PDB:1R5S_A mol:protein length:132     Gap Junction Alpha-1 Protein
>PDB:1R7M_A mol:protein length:235     Intron-Encoded Endonuclease I-Scei
>PDB:1SBZ_A mol:protein-het length:197     Probable Aromatic Acid Decarboxylase
>PDB:1SR2_A mol:protein length:116     Putative Sensor-Like Histidine Kinase Yojn
>PDB:1U5K_A mol:protein length:244     Hypothetical Protein
>PDB:1U9J_A mol:protein length:358     Hypothetical Protein Yfbg
>PDB:1V5V_A mol:protein length:401     Aminomethyltransferase
>PDB:1V8B_A mol:protein length:479     Adenosylhomocysteinase
>PDB:1VG5_A mol:protein length:73     Rhomboid Family Protein
>PDB:1VP2_A mol:protein length:208     Putative Xanthosine Triphosphate Pyrophospha
>PDB:1VP4_A mol:protein-het length:425     Aminotransferase, Putative
>PDB:1VP5_A mol:protein length:298     2,5-Diketo-D-Gluconic Acid Reductase
>PDB:1VP6_A mol:protein length:138     Hypothetical Protein, Similar To Potassium C
>PDB:1VP7_A mol:protein-het length:100     Exodeoxyribonuclease Vii Small Subunit
>PDB:1VPD_A mol:protein-het length:299     Tartronate Semialdehyde Reductase
>PDB:1WR8_A mol:protein length:231     Phosphoglycolate Phosphatase
>PDB:1X92_A mol:protein length:199     Phosphoheptose Isomerase
>PDB:1X9Z_A mol:protein-het length:188     DNA Mismatch Repair Protein Mutl
>PDB:1XDZ_A mol:protein length:240     Methyltransferase Gidb
>PDB:1XEB_A mol:protein-het length:150     Hypothetical Protein Pa0115
>PDB:1XFD_A mol:protein length:723     Dipeptidyl Aminopeptidase-Like Protein 6
>PDB:1XFH_A mol:protein length:422     Proton Glutamate Symport Protein
>PDB:1XFK_A mol:protein length:336     Formimidoylglutamase
>PDB:1XHB_A mol:protein length:472     Polypeptide N-Acetylgalactosaminyltransferas
>PDB:1XKT_A mol:protein length:289     Fatty Acid Synthase
>PDB:1XQE_A mol:protein length:418     Probable Ammonium Transporter
>PDB:1XQG_A mol:protein length:389     Maspin
>PDB:1XR5_A mol:protein length:466     Genome Polyprotein
>PDB:1XRH_A mol:protein-het length:351     Ureidoglycolate Dehydrogenase
>PDB:1XRI_A mol:protein-het length:151     At1G05000
>PDB:1XS9_A mol:protein length:132     Multiple Antibiotic Resistance Protein Mara
>PDB:1XSI_A mol:protein length:778     Putative Family 31 Glucosidase Yici
>PDB:1XSR_A mol:protein-het length:168     Ureidoglycolate Hydrolase
>PDB:1UNF_X mol:protein length:238     Iron Superoxide Dismutase
>PDB:1W0N_A mol:protein length:131     Endo-1,4-Beta-Xylanase D
>PDB:1W6U_A mol:protein length:302     2,4-Dienoyl-Coa Reductase, Mitochondrial Pre
>PDB:1W7W_A mol:protein length:182     Nucleoside Diphosphate Kinase
>PDB:1W80_A mol:protein length:250     Adapter-Related Protein Complex 2 Alpha 2 Su
>PDB:1W80_P mol:protein length:12     Synaptojanin 1
>PDB:1W80_Q mol:protein length:12     Synaptojanin 1
>PDB:1W8A_A mol:protein length:192     Slit Protein
>PDB:1R6Y_A mol:protein length:115     Protein Ygin
>PDB:1R7K_A mol:protein length:133     Probable Dihydroneopterin Aldolase
>PDB:1RW1_A mol:protein-het length:114     Conserved Hypothetical Protein Yffb
>PDB:1SNT_A mol:protein length:382     Sialidase 2
>PDB:1T3W_A mol:protein-het length:148     DNA Primase
>PDB:1T9H_A mol:protein length:307     Probable Gtpase Engc
>PDB:1TD3_A mol:protein length:115     Head Decoration Protein
>PDB:1TG7_A mol:protein length:971     Beta-Galactosidase
>PDB:1TN6_C mol:protein length:11     Peptide Derived From The C-Terminus Of Rap2A
>PDB:1U1V_A mol:protein-het length:298     Phenazine Biosynthesis Protein Phzf
>PDB:1U6P_A mol:protein length:56     Gag Polyprotein
>PDB:1ULQ_A mol:protein length:401     Putative Acetyl-Coa Acetyltransferase
>PDB:1UMK_A mol:protein length:275     Nadh-Cytochrome B5 Reductase
>PDB:1VE6_A mol:protein length:582     Acylamino-Acid-Releasing Enzyme
>PDB:1VGS_A mol:protein-het length:250     Peroxiredoxin
>PDB:1VPA_A mol:protein length:234     2-C-Methyl-D-Erythritol 4-Phosphate Cytidyly
>PDB:1WLG_A mol:protein length:299     Flagellar Hook Protein Flge
>PDB:1WP1_A mol:protein length:474     Outer Membrane Protein Oprm
>PDB:1XBA_A mol:protein length:291     Tyrosine-Protein Kinase Syk
>PDB:1XD4_A mol:protein length:852     Son Of Sevenless Protein Homolog 1
>PDB:1XG8_A mol:protein length:111     Hypothetical Protein Sa0798
>PDB:1XHD_A mol:protein-het length:173     Putative Acetyltransferase/Acyltransfera
>PDB:1XI4_A mol:protein length:1630     Clathrin Heavy Chain
>PDB:1XI4_J mol:protein length:70     Clathrin Light Chain A
>PDB:1XKU_A mol:protein length:330     Decorin
>PDB:1XPL_A mol:protein-het length:396     3-Hydroxy-3-Methylglutaryl Coa Synthase
>PDB:1XR0_A mol:protein length:22     Basic Fibroblast Growth Factor Receptor 1
>PDB:1XR0_B mol:protein length:129     Fgfr Signalling Adaptor Snt-1
>PDB:1XS0_A mol:protein length:136     Inhibitor Of Vertebrate Lysozyme
>PDB:1XSZ_A mol:protein length:356     Guanine Nucleotide Exchange Protein
>PDB:1XTN_A mol:protein length:120     Serine/Threonine-Protein Kinase Sgk3
>PDB:1XU7_A mol:protein length:286     Corticosteroid 11-Beta-Dehydrogenase, Isozym
>PDB:1XUU_A mol:protein length:349     Polysialic Acid Capsule Biosynthesis Protein
>PDB:1W36_B mol:protein length:1180     Exodeoxyribonuclease V Beta Chain
>PDB:1W36_C mol:protein length:1122     Exodeoxyribonuclease V Gamma Chain
>PDB:1W36_D mol:protein length:608     Exodeoxyribonuclease V Alpha Chain
>PDB:1W44_A mol:protein length:331     Ntpase P4
>PDB:1W6J_A mol:protein length:732     Lanosterol Synthase
>PDB:1W85_A mol:protein length:368     Pyruvate Dehydrogenase E1 Component, Alpha S
>PDB:1W9P_A mol:protein length:433     Chitinase
>PDB:1W9S_A mol:protein length:142     Bh0236 Protein
>PDB:1Q9H_A mol:protein-het length:437     Cellobiohydrolase I Catalytic Domain
>PDB:1S5J_A mol:protein length:847     DNA Polymerase I
>PDB:1SS6_A mol:protein length:102     Nsfl1 Cofactor P47
>PDB:1T0F_A mol:protein length:276     Transposon Tn7 Transposition Protein Tnsa
>PDB:1T0F_C mol:protein length:54     Transposon Tn7 Transposition Protein Tnsc
>PDB:1TVG_A mol:protein length:153     Loc51668 Protein
>PDB:1U24_A mol:protein-het length:337     Myo-Inositol Hexaphosphate Phosphohydrol
>PDB:1U7H_A mol:protein-het length:350     Ornithine Cyclodeaminase
>PDB:1V30_A mol:protein length:124     Hypothetical Upf0131 Protein pH0828
>PDB:1VPB_A mol:protein length:451     Putative Modulator Of DNA Gyrase
>PDB:1XDK_B mol:protein length:303     Retinoic Acid Receptor, Beta
>PDB:1XIZ_A mol:protein length:159     Putative Phosphotransferase System Mannitol/
>PDB:1XJC_A mol:protein-het length:169     Mobb Protein Homolog
>PDB:1XMI_A mol:protein length:291     Cystic Fibrosis Transmembrane Conductance Re
>PDB:1XNV_A mol:protein length:530     Propionyl-Coa Carboxylase Complex B Subunit
>PDB:1XP4_A mol:protein-het length:379     D-Alanyl-D-Alanine Carboxypeptidase
>PDB:1XQ4_A mol:protein-het length:139     Protein Apag
>PDB:1XQZ_A mol:protein length:300     Proto-Oncogene Serine/Threonine-Protein Kina
>PDB:1XRS_A mol:protein length:516     D-Lysine 5,6-Aminomutase Alpha Subunit
>PDB:1XRS_B mol:protein length:262     D-Lysine 5,6-Aminomutase Beta Subunit
>PDB:1XTO_A mol:protein-het length:311     Coenzyme Pqq Synthesis Protein B
>PDB:1XTP_A mol:protein-het length:254     Lmaj004091Aaa
>PDB:1XU2_R mol:protein length:47     Tumor Necrosis Factor Receptor Superfamily Me
>PDB:1XUT_A mol:protein length:46     Tumor Necrosis Factor Receptor Superfamily Me
>PDB:1XV1_A mol:protein length:298     Sulfotransferase
>PDB:1XW8_A mol:protein-het length:252     Upf0271 Protein Ybgl
