001.pdb
002.pdb
007.pdb
008.pdb
017.pdb
033.pdb
039.pdb
03R.pdb
041.pdb
042.pdb
061.pdb
062.pdb
072.pdb
073.pdb
074.pdb
084.pdb
093.pdb
094.pdb
097.pdb
100.pdb
101.pdb
102.pdb
103.pdb
104.pdb
105.pdb
106.pdb
107.pdb
108.pdb
109.pdb
10A.pdb
110.pdb
111.pdb
112.pdb
113.pdb
114.pdb
115.pdb
116.pdb
117.pdb
118.pdb
119.pdb
11O.pdb
120.pdb
121.pdb
122.pdb
123.pdb
124.pdb
125.pdb
126.pdb
127.pdb
128.pdb
129.pdb
12A.pdb
12B.pdb
12H.pdb
12M.pdb
12P.pdb
12Q.pdb
130.pdb
132.pdb
133.pdb
134.pdb
135.pdb
136.pdb
137.pdb
138.pdb
139.pdb
13D.pdb
13P.pdb
13R.pdb
13S.pdb
140.pdb
141.pdb
142.pdb
143.pdb
144.pdb
145.pdb
146.pdb
147.pdb
148.pdb
149.pdb
14A.pdb
14W.pdb
150.pdb
151.pdb
152.pdb
153.pdb
154.pdb
155.pdb
156.pdb
157.pdb
158.pdb
159.pdb
15B.pdb
15P.pdb
160.pdb
161.pdb
162.pdb
163.pdb
164.pdb
165.pdb
166.pdb
167.pdb
168.pdb
169.pdb
16A.pdb
16D.pdb
16G.pdb
170.pdb
171.pdb
172.pdb
173.pdb
174.pdb
175.pdb
176.pdb
177.pdb
178.pdb
17H.pdb
180.pdb
181.pdb
182.pdb
183.pdb
184.pdb
185.pdb
186.pdb
187.pdb
188.pdb
189.pdb
190.pdb
191.pdb
192.pdb
193.pdb
194.pdb
195.pdb
196.pdb
197.pdb
198.pdb
199.pdb
1AA.pdb
1AC.pdb
1AD.pdb
1AL.pdb
1AN.pdb
1AP.pdb
1AR.pdb
1BH.pdb
1BM.pdb
1BN.pdb
1BO.pdb
1BP.pdb
1C2.pdb
1C5.pdb
1CA.pdb
1CB.pdb
1CP.pdb
1CS.pdb
1CU.pdb
1DA.pdb
1DB.pdb
1DG.pdb
1DM.pdb
1DO.pdb
1FH.pdb
1FL.pdb
1GL.pdb
1GN.pdb
1GP.pdb
1IG.pdb
1IN.pdb
1IQ.pdb
1LG.pdb
1LP.pdb
1LU.pdb
1MA.pdb
1MC.pdb
1MG.pdb
1MM.pdb
1MZ.pdb
1NA.pdb
1NB.pdb
1NH.pdb
1NI.pdb
1P3.pdb
1PA.pdb
1PB.pdb
1PC.pdb
1PE.pdb
1PG.pdb
1PI.pdb
1PM.pdb
1PN.pdb
1PP.pdb
1PR.pdb
1PS.pdb
1PT.pdb
1PU.pdb
1PY.pdb
1RB.pdb
1SM.pdb
1TB.pdb
1TP.pdb
1TY.pdb
1UN.pdb
200.pdb
201.pdb
202.pdb
204.pdb
205.pdb
207.pdb
209.pdb
20S.pdb
210.pdb
213.pdb
214.pdb
216.pdb
217.pdb
219.pdb
22M.pdb
232.pdb
233.pdb
234.pdb
239.pdb
23D.pdb
23F.pdb
23M.pdb
23S.pdb
244.pdb
24B.pdb
24I.pdb
24T.pdb
254.pdb
256.pdb
25A.pdb
25T.pdb
262.pdb
26A.pdb
26C.pdb
26D.pdb
26P.pdb
270.pdb
272.pdb
288.pdb
292.pdb
299.pdb
2A6.pdb
2AA.pdb
2AB.pdb
2AC.pdb
2AD.pdb
2AF.pdb
2AL.pdb
2AM.pdb
2AN.pdb
2AO.pdb
2AP.pdb
2AR.pdb
2AS.pdb
2AT.pdb
2AZ.pdb
2BD.pdb
2BF.pdb
2BH.pdb
2BL.pdb
2BM.pdb
2BN.pdb
2BR.pdb
2BT.pdb
2BU.pdb
2C5.pdb
2CA.pdb
2CH.pdb
2CM.pdb
2CP.pdb
2D7.pdb
2D9.pdb
2DA.pdb
2DD.pdb
2DF.pdb
2DG.pdb
2DI.pdb
2DM.pdb
2DO.pdb
2DP.pdb
2DT.pdb
2E1.pdb
2EA.pdb
2EP.pdb
2EZ.pdb
2FA.pdb
2FD.pdb
2FG.pdb
2FH.pdb
2FL.pdb
2FM.pdb
2FP.pdb
2FU.pdb
2GL.pdb
2GP.pdb
2GT.pdb
2HA.pdb
2HC.pdb
2HI.pdb
2HP.pdb
2HR.pdb
2HS.pdb
2IB.pdb
2IG.pdb
2IM.pdb
2IN.pdb
2IP.pdb
2KT.pdb
2LG.pdb
2LP.pdb
2LU.pdb
2MA.pdb
2MB.pdb
2MC.pdb
2MD.pdb
2ME.pdb
2MG.pdb
2ML.pdb
2MN.pdb
2MO.pdb
2MP.pdb
2MR.pdb
2MT.pdb
2MU.pdb
2MZ.pdb
2ND.pdb
2NH.pdb
2NI.pdb
2NO.pdb
2NP.pdb
2NT.pdb
2OA.pdb
2OF.pdb
2OG.pdb
2OP.pdb
2OS.pdb
2OT.pdb
2PA.pdb
2PB.pdb
2PC.pdb
2PE.pdb
2PG.pdb
2PH.pdb
2PI.pdb
2PL.pdb
2PM.pdb
2PO.pdb
2PP.pdb
2PR.pdb
2PT.pdb
2PU.pdb
2SA.pdb
2SI.pdb
2SK.pdb
2SP.pdb
2ST.pdb
2TB.pdb
2TP.pdb
2TY.pdb
2UN.pdb
2VA.pdb
300.pdb
303.pdb
307.pdb
312.pdb
326.pdb
32P.pdb
32S.pdb
32T.pdb
331.pdb
334.pdb
335.pdb
336.pdb
338.pdb
339.pdb
33P.pdb
340.pdb
345.pdb
346.pdb
348.pdb
34A.pdb
34C.pdb
34P.pdb
354.pdb
357.pdb
358.pdb
35G.pdb
367.pdb
368.pdb
380.pdb
382.pdb
383.pdb
385.pdb
394.pdb
395.pdb
397.pdb
39A.pdb
3A3.pdb
3AA.pdb
3AC.pdb
3AD.pdb
3AG.pdb
3AH.pdb
3AN.pdb
3AP.pdb
3AR.pdb
3AT.pdb
3B3.pdb
3BB.pdb
3BC.pdb
3BN.pdb
3BP.pdb
3BR.pdb
3BT.pdb
3C3.pdb
3C4.pdb
3CA.pdb
3CB.pdb
3CH.pdb
3CL.pdb
3CM.pdb
3CN.pdb
3CO.pdb
3CP.pdb
3CY.pdb
3D1.pdb
3D3.pdb
3DA.pdb
3DE.pdb
3DG.pdb
3DP.pdb
3DR.pdb
3EA.pdb
3EP.pdb
3FA.pdb
3FC.pdb
3FM.pdb
3FP.pdb
3FQ.pdb
3FT.pdb
3GA.pdb
3GC.pdb
3GP.pdb
3GR.pdb
3HA.pdb
3HB.pdb
3HC.pdb
3HG.pdb
3HP.pdb
3IB.pdb
3ID.pdb
3IG.pdb
3IH.pdb
3IL.pdb
3IN.pdb
3IO.pdb
3IP.pdb
3LG.pdb
3MA.pdb
3MB.pdb
3MC.pdb
3MD.pdb
3ME.pdb
3MF.pdb
3MP.pdb
3MT.pdb
3NA.pdb
3NH.pdb
3NI.pdb
3NP.pdb
3NT.pdb
3OD.pdb
3OF.pdb
3OH.pdb
3OL.pdb
3ON.pdb
3P4.pdb
3PA.pdb
3PC.pdb
3PE.pdb
3PG.pdb
3PH.pdb
3PI.pdb
3PL.pdb
3PO.pdb
3PP.pdb
3PY.pdb
3QC.pdb
3SA.pdb
3SL.pdb
3SP.pdb
3TR.pdb
3TY.pdb
3UN.pdb
3YP.pdb
412.pdb
413.pdb
418.pdb
421.pdb
426.pdb
427.pdb
429.pdb
42B.pdb
433.pdb
434.pdb
43A.pdb
43B.pdb
43P.pdb
442.pdb
444.pdb
44B.pdb
44C.pdb
44D.pdb
450.pdb
458.pdb
459.pdb
45P.pdb
460.pdb
46D.pdb
46M.pdb
471.pdb
478.pdb
485.pdb
486.pdb
493.pdb
497.pdb
49A.pdb
4AA.pdb
4AB.pdb
4AC.pdb
4AD.pdb
4AF.pdb
4AM.pdb
4AN.pdb
4AP.pdb
4AX.pdb
4BA.pdb
4BC.pdb
4BF.pdb
4BH.pdb
4BR.pdb
4BT.pdb
4BZ.pdb
4CA.pdb
4CB.pdb
4CM.pdb
4CO.pdb
4CR.pdb
4DE.pdb
4DI.pdb
4EA.pdb
4EB.pdb
4F3.pdb
4FA.pdb
4FC.pdb
4FW.pdb
4GP.pdb
4HA.pdb
4HC.pdb
4HF.pdb
4HG.pdb
4HM.pdb
4HP.pdb
4HT.pdb
4HY.pdb
4IG.pdb
4IN.pdb
4IP.pdb
4LG.pdb
4MO.pdb
4MP.pdb
4MV.pdb
4MZ.pdb
4NA.pdb
4NC.pdb
4ND.pdb
4NH.pdb
4NP.pdb
4OX.pdb
4PA.pdb
4PB.pdb
4PC.pdb
4PD.pdb
4PE.pdb
4PN.pdb
4PP.pdb
4PR.pdb
4PT.pdb
4QB.pdb
4RR.pdb
4SC.pdb
4SP.pdb
4SR.pdb
4ST.pdb
4SU.pdb
4TA.pdb
4TB.pdb
4TP.pdb
4TR.pdb
4TZ.pdb
4UN.pdb
501.pdb
509.pdb
512.pdb
514.pdb
515.pdb
529.pdb
537.pdb
541.pdb
543.pdb
544.pdb
545.pdb
55C.pdb
564.pdb
568.pdb
570.pdb
572.pdb
577.pdb
580.pdb
587.pdb
588.pdb
598.pdb
59A.pdb
5AA.pdb
5AD.pdb
5AM.pdb
5AN.pdb
5AP.pdb
5AS.pdb
5AT.pdb
5BN.pdb
5BR.pdb
5BU.pdb
5CA.pdb
5CD.pdb
5CG.pdb
5CM.pdb
5CS.pdb
5DE.pdb
5DS.pdb
5EA.pdb
5EE.pdb
5FA.pdb
5FC.pdb
5FD.pdb
5FE.pdb
5FP.pdb
5GP.pdb
5H.pdb
5HA.pdb
5HP.pdb
5HT.pdb
5HU.pdb
5IC.pdb
5ID.pdb
5IG.pdb
5IN.pdb
5IQ.pdb
5IT.pdb
5IU.pdb
5MB.pdb
5MC.pdb
5MD.pdb
5MP.pdb
5MU.pdb
5NC.pdb
5NH.pdb
5NI.pdb
5OB.pdb
5OP.pdb
5PA.pdb
5PC.pdb
5PH.pdb
5PI.pdb
5PP.pdb
5PV.pdb
5QC.pdb
5RM.pdb
5RP.pdb
5SA.pdb
5SD.pdb
5UD.pdb
5X.pdb
5YL.pdb
5Z5.pdb
5ZA.pdb
600.pdb
607.pdb
612.pdb
616.pdb
623.pdb
624.pdb
628.pdb
629.pdb
62A.pdb
62P.pdb
632.pdb
638.pdb
645.pdb
64T.pdb
653.pdb
654.pdb
655.pdb
656.pdb
65B.pdb
666.pdb
667.pdb
669.pdb
672.pdb
675.pdb
678.pdb
679.pdb
680.pdb
681.pdb
682.pdb
687.pdb
688.pdb
689.pdb
693.pdb
694.pdb
696.pdb
697.pdb
6AB.pdb
6AP.pdb
6CA.pdb
6CL.pdb
6CP.pdb
6CT.pdb
6CW.pdb
6DE.pdb
6EA.pdb
6FA.pdb
6GP.pdb
6HA.pdb
6HC.pdb
6HG.pdb
6HT.pdb
6IA.pdb
6IG.pdb
6IN.pdb
6MA.pdb
6MC.pdb
6MI.pdb
6MO.pdb
6MP.pdb
6MT.pdb
6NH.pdb
6NI.pdb
6NP.pdb
6OG.pdb
6PE.pdb
6PG.pdb
6PL.pdb
6SA.pdb
6UL.pdb
6WO.pdb
700.pdb
703.pdb
709.pdb
70U.pdb
711.pdb
715.pdb
730.pdb
736.pdb
737.pdb
739.pdb
73Q.pdb
73V.pdb
745.pdb
74M.pdb
750.pdb
75V.pdb
760.pdb
761.pdb
762.pdb
76V.pdb
771.pdb
772.pdb
773.pdb
778.pdb
77B.pdb
780.pdb
783.pdb
784.pdb
785.pdb
787.pdb
789.pdb
78A.pdb
790.pdb
791.pdb
794.pdb
797.pdb
7A8.pdb
7AD.pdb
7AP.pdb
7CA.pdb
7DA.pdb
7DE.pdb
7DG.pdb
7GP.pdb
7GU.pdb
7HP.pdb
7I2.pdb
7IG.pdb
7IN.pdb
7MG.pdb
7MQ.pdb
7NI.pdb
7PE.pdb
7RA.pdb
7RP.pdb
801.pdb
802.pdb
803.pdb
806.pdb
815.pdb
817.pdb
818.pdb
81A.pdb
821.pdb
822.pdb
824.pdb
826.pdb
843.pdb
846.pdb
847.pdb
852.pdb
853.pdb
858.pdb
869.pdb
870.pdb
876.pdb
877.pdb
878.pdb
87Y.pdb
880.pdb
885.pdb
892.pdb
893.pdb
8AD.pdb
8BR.pdb
8CM.pdb
8DA.pdb
8DG.pdb
8FG.pdb
8GP.pdb
8GT.pdb
8HG.pdb
8ID.pdb
8IG.pdb
8IN.pdb
8MG.pdb
8MO.pdb
8OG.pdb
8PG.pdb
8PP.pdb
8PS.pdb
901.pdb
903.pdb
905.pdb
907.pdb
915.pdb
936.pdb
941.pdb
950.pdb
95A.pdb
961.pdb
964.pdb
965.pdb
968.pdb
972.pdb
974.pdb
977.pdb
982.pdb
984.pdb
989.pdb
991.pdb
997.pdb
998.pdb
9AC.pdb
9AD.pdb
9AM.pdb
9AP.pdb
9AR.pdb
9DA.pdb
9DG.pdb
9DI.pdb
9HP.pdb
9HX.pdb
9IN.pdb
9MG.pdb
9OH.pdb
9PP.pdb
9TA.pdb
A.pdb
A12.pdb
A15.pdb
A1A.pdb
A1E.pdb
A1P.pdb
A23.pdb
A24.pdb
A26.pdb
A2E.pdb
A2G.pdb
A2L.pdb
A2M.pdb
A2P.pdb
A32.pdb
A34.pdb
A35.pdb
A37.pdb
A38.pdb
A39.pdb
A3A.pdb
A3B.pdb
A3D.pdb
A3M.pdb
A3P.pdb
A3S.pdb
A40.pdb
A41.pdb
A43.pdb
A44.pdb
A45.pdb
A47.pdb
A4C.pdb
A4L.pdb
A4P.pdb
A5A.pdb
A5M.pdb
A5P.pdb
A66.pdb
A70.pdb
A74.pdb
A75.pdb
A76.pdb
A77.pdb
A78.pdb
A79.pdb
A80.pdb
A83.pdb
A84.pdb
A85.pdb
A88.pdb
A8B.pdb
A8N.pdb
A9A.pdb
AA2.pdb
AA3.pdb
AA4.pdb
AA5.pdb
AA6.pdb
AAA.pdb
AAB.pdb
AAC.pdb
AAD.pdb
AAE.pdb
AAF.pdb
AAG.pdb
AAH.pdb
AAL.pdb
AAM.pdb
AAN.pdb
AAO.pdb
AAP.pdb
AAR.pdb
AAS.pdb
AAT.pdb
AAU.pdb
AAX.pdb
AAY.pdb
AAZ.pdb
AB1.pdb
AB2.pdb
AB3.pdb
AB4.pdb
AB5.pdb
AB6.pdb
AB7.pdb
AB8.pdb
AB9.pdb
ABA.pdb
ABB.pdb
ABC.pdb
ABD.pdb
ABE.pdb
ABF.pdb
ABG.pdb
ABH.pdb
ABI.pdb
ABK.pdb
ABL.pdb
ABM.pdb
ABN.pdb
ABO.pdb
ABP.pdb
ABR.pdb
ABS.pdb
ABT.pdb
ABU.pdb
ABW.pdb
ABX.pdb
ABY.pdb
ABZ.pdb
AC0.pdb
AC1.pdb
AC2.pdb
AC4.pdb
AC5.pdb
AC6.pdb
AC9.pdb
ACA.pdb
ACB.pdb
ACC.pdb
ACD.pdb
ACE.pdb
ACF.pdb
ACG.pdb
ACH.pdb
ACI.pdb
ACK.pdb
ACL.pdb
ACM.pdb
ACN.pdb
ACO.pdb
ACP.pdb
ACQ.pdb
ACR.pdb
ACS.pdb
ACT.pdb
ACV.pdb
ACX.pdb
ACY.pdb
ACZ.pdb
AD2.pdb
AD3.pdb
ADA.pdb
ADB.pdb
ADC.pdb
ADD.pdb
ADE.pdb
ADF.pdb
ADG.pdb
ADH.pdb
ADI.pdb
ADJ.pdb
ADK.pdb
ADL.pdb
ADM.pdb
ADN.pdb
ADO.pdb
ADP.pdb
ADQ.pdb
ADR.pdb
ADS.pdb
ADT.pdb
ADU.pdb
ADV.pdb
ADW.pdb
ADX.pdb
ADY.pdb
ADZ.pdb
AE1.pdb
AE2.pdb
AE3.pdb
AE4.pdb
AEA.pdb
AEB.pdb
AEI.pdb
AEJ.pdb
AEM.pdb
AEN.pdb
AEP.pdb
AES.pdb
AET.pdb
AF.pdb
AF1.pdb
AF3.pdb
AFA.pdb
AFB.pdb
AFF.pdb
AFG.pdb
AFI.pdb
AFL.pdb
AFN.pdb
AFP.pdb
AG.pdb
AG2.pdb
AG7.pdb
AGA.pdb
AGB.pdb
AGC.pdb
AGF.pdb
AGG.pdb
AGH.pdb
AGL.pdb
AGM.pdb
AGN.pdb
AGP.pdb
AGS.pdb
AGU.pdb
AH0.pdb
AH1.pdb
AHA.pdb
AHB.pdb
AHC.pdb
AHD.pdb
AHE.pdb
AHF.pdb
AHG.pdb
AHH.pdb
AHI.pdb
AHL.pdb
AHM.pdb
AHN.pdb
AHO.pdb
AHP.pdb
AHR.pdb
AHS.pdb
AHT.pdb
AHU.pdb
AHX.pdb
AHZ.pdb
AI1.pdb
AI2.pdb
AI3.pdb
AIA.pdb
AIB.pdb
AIC.pdb
AIG.pdb
AIH.pdb
AIJ.pdb
AIK.pdb
AIM.pdb
AIN.pdb
AIP.pdb
AIQ.pdb
AIR.pdb
AIS.pdb
AIT.pdb
AIU.pdb
AJ3.pdb
AJM.pdb
AKA.pdb
AKB.pdb
AKC.pdb
AKG.pdb
AKL.pdb
AKP.pdb
AKR.pdb
AKT.pdb
AKV.pdb
AL.pdb
AL0.pdb
AL1.pdb
AL2.pdb
AL3.pdb
AL4.pdb
AL5.pdb
AL6.pdb
AL7.pdb
AL8.pdb
AL9.pdb
ALA.pdb
ALB.pdb
ALC.pdb
ALD.pdb
ALE.pdb
ALF.pdb
ALG.pdb
ALH.pdb
ALI.pdb
ALJ.pdb
ALL.pdb
ALM.pdb
ALN.pdb
ALO.pdb
ALP.pdb
ALQ.pdb
ALR.pdb
ALS.pdb
ALT.pdb
ALW.pdb
ALY.pdb
ALZ.pdb
AM1.pdb
AM2.pdb
AM4.pdb
AMA.pdb
AMB.pdb
AMC.pdb
AMD.pdb
AME.pdb
AMG.pdb
AMH.pdb
AMI.pdb
AMK.pdb
AML.pdb
AMM.pdb
AMN.pdb
AMO.pdb
AMP.pdb
AMQ.pdb
AMR.pdb
AMS.pdb
AMT.pdb
AMU.pdb
AMW.pdb
AMX.pdb
AMY.pdb
AMZ.pdb
AN0.pdb
AN1.pdb
AN9.pdb
ANA.pdb
ANB.pdb
ANC.pdb
AND.pdb
ANE.pdb
ANF.pdb
ANG.pdb
ANH.pdb
ANI.pdb
ANL.pdb
ANM.pdb
ANN.pdb
ANO.pdb
ANP.pdb
ANQ.pdb
ANR.pdb
ANS.pdb
ANT.pdb
ANU.pdb
ANY.pdb
AO1.pdb
AO2.pdb
AO3.pdb
AO5.pdb
AOA.pdb
AOE.pdb
AOG.pdb
AOM.pdb
AON.pdb
AOP.pdb
AOR.pdb
AP.pdb
AP0.pdb
AP1.pdb
AP2.pdb
AP3.pdb
AP4.pdb
AP5.pdb
AP6.pdb
AP7.pdb
AP8.pdb
AP9.pdb
APA.pdb
APB.pdb
APC.pdb
APD.pdb
APE.pdb
APF.pdb
APG.pdb
APH.pdb
API.pdb
APK.pdb
APL.pdb
APM.pdb
APN.pdb
APO.pdb
APP.pdb
APQ.pdb
APR.pdb
APS.pdb
APT.pdb
APU.pdb
APV.pdb
APX.pdb
APY.pdb
APZ.pdb
AQ4.pdb
AQO.pdb
AQS.pdb
AQZ.pdb
AR.pdb
AR1.pdb
AR2.pdb
AR3.pdb
AR4.pdb
ARA.pdb
ARB.pdb
ARC.pdb
ARD.pdb
ARE.pdb
ARG.pdb
ARH.pdb
ARI.pdb
ARL.pdb
ARM.pdb
ARN.pdb
ARO.pdb
ARP.pdb
ARQ.pdb
ARR.pdb
ARS.pdb
ART.pdb
ARV.pdb
ARW.pdb
ARY.pdb
AS.pdb
AS1.pdb
AS2.pdb
AS4.pdb
ASA.pdb
ASB.pdb
ASC.pdb
ASD.pdb
ASE.pdb
ASG.pdb
ASI.pdb
ASK.pdb
ASL.pdb
ASM.pdb
ASN.pdb
ASO.pdb
ASP.pdb
ASQ.pdb
ASR.pdb
AST.pdb
ASU.pdb
ASV.pdb
ASX.pdb
AT1.pdb
AT3.pdb
AT5.pdb
ATA.pdb
ATC.pdb
ATD.pdb
ATE.pdb
ATF.pdb
ATG.pdb
ATH.pdb
ATI.pdb
ATJ.pdb
ATL.pdb
ATM.pdb
ATN.pdb
ATO.pdb
ATP.pdb
ATQ.pdb
ATR.pdb
ATS.pdb
ATT.pdb
ATU.pdb
ATX.pdb
ATY.pdb
ATZ.pdb
AU.pdb
AU3.pdb
AUA.pdb
AUC.pdb
AUP.pdb
AUR.pdb
AV2.pdb
AVC.pdb
AVG.pdb
AVP.pdb
AXF.pdb
AXL.pdb
AXP.pdb
AXQ.pdb
AXT.pdb
AY1.pdb
AYA.pdb
AYD.pdb
AYM.pdb
AZ1.pdb
AZ2.pdb
AZA.pdb
AZC.pdb
AZD.pdb
AZE.pdb
AZG.pdb
AZI.pdb
AZK.pdb
AZL.pdb
AZM.pdb
AZN.pdb
AZO.pdb
AZP.pdb
AZQ.pdb
AZR.pdb
AZT.pdb
B11.pdb
B12.pdb
B15.pdb
B17.pdb
B1F.pdb
B1L.pdb
B1M.pdb
B1V.pdb
B22.pdb
B2A.pdb
B2F.pdb
B2G.pdb
B2I.pdb
B2V.pdb
B30.pdb
B33.pdb
B3H.pdb
B3I.pdb
B3N.pdb
B3P.pdb
B4G.pdb
B4P.pdb
B7G.pdb
B8L.pdb
B96.pdb
B9A.pdb
BA.pdb
BA1.pdb
BA3.pdb
BAA.pdb
BAB.pdb
BAC.pdb
BAF.pdb
BAG.pdb
BAH.pdb
BAI.pdb
BAK.pdb
BAL.pdb
BAM.pdb
BAN.pdb
BAO.pdb
BAP.pdb
BAR.pdb
BAS.pdb
BAT.pdb
BAU.pdb
BAX.pdb
BAY.pdb
BAZ.pdb
BB1.pdb
BB2.pdb
BB3.pdb
BBA.pdb
BBB.pdb
BBC.pdb
BBH.pdb
BBL.pdb
BBM.pdb
BBS.pdb
BBT.pdb
BBU.pdb
BBX.pdb
BBZ.pdb
BC.pdb
BC1.pdb
BCA.pdb
BCB.pdb
BCC.pdb
BCD.pdb
BCG.pdb
BCH.pdb
BCL.pdb
BCM.pdb
BCN.pdb
BCP.pdb
BCQ.pdb
BCR.pdb
BCS.pdb
BCT.pdb
BCX.pdb
BCY.pdb
BCZ.pdb
BD1.pdb
BD2.pdb
BD4.pdb
BDA.pdb
BDB.pdb
BDC.pdb
BDD.pdb
BDF.pdb
BDG.pdb
BDH.pdb
BDI.pdb
BDK.pdb
BDM.pdb
BDN.pdb
BDP.pdb
BDR.pdb
BDS.pdb
BDU.pdb
BE1.pdb
BE2.pdb
BE3.pdb
BE4.pdb
BE5.pdb
BE6.pdb
BE7.pdb
BEA.pdb
BEB.pdb
BEC.pdb
BED.pdb
BEE.pdb
BEF.pdb
BEG.pdb
BEH.pdb
BEI.pdb
BEJ.pdb
BEK.pdb
BEL.pdb
BEN.pdb
BEO.pdb
BEP.pdb
BEQ.pdb
BER.pdb
BES.pdb
BET.pdb
BEZ.pdb
BF2.pdb
BF4.pdb
BFA.pdb
BFD.pdb
BFI.pdb
BFL.pdb
BFP.pdb
BFQ.pdb
BFS.pdb
BFU.pdb
BG3.pdb
BG4.pdb
BG5.pdb
BG6.pdb
BGC.pdb
BGD.pdb
BGF.pdb
BGG.pdb
BGL.pdb
BGM.pdb
BGN.pdb
BGP.pdb
BGT.pdb
BGX.pdb
BH0.pdb
BH1.pdb
BH4.pdb
BH7.pdb
BHA.pdb
BHB.pdb
BHC.pdb
BHD.pdb
BHG.pdb
BHH.pdb
BHI.pdb
BHL.pdb
BHM.pdb
BHO.pdb
BHP.pdb
BHQ.pdb
BHS.pdb
BI1.pdb
BI2.pdb
BI3.pdb
BI5.pdb
BI8.pdb
BIA.pdb
BIB.pdb
BIC.pdb
BID.pdb
BIE.pdb
BIF.pdb
BIH.pdb
BIK.pdb
BIN.pdb
BIO.pdb
BIP.pdb
BIQ.pdb
BIR.pdb
BIS.pdb
BIT.pdb
BIZ.pdb
BJH.pdb
BJI.pdb
BJP.pdb
BL5.pdb
BLA.pdb
BLB.pdb
BLE.pdb
BLG.pdb
BLI.pdb
BLL.pdb
BLM.pdb
BLN.pdb
BLS.pdb
BLT.pdb
BLV.pdb
BLY.pdb
BM1.pdb
BM2.pdb
BM5.pdb
BM6.pdb
BM9.pdb
BMA.pdb
BMD.pdb
BME.pdb
BMH.pdb
BML.pdb
BMM.pdb
BMP.pdb
BMQ.pdb
BMS.pdb
BMT.pdb
BMU.pdb
BMV.pdb
BMY.pdb
BMZ.pdb
BN1.pdb
BN2.pdb
BN3.pdb
BN4.pdb
BN5.pdb
BNA.pdb
BND.pdb
BNE.pdb
BNF.pdb
BNG.pdb
BNH.pdb
BNI.pdb
BNL.pdb
BNN.pdb
BNO.pdb
BNP.pdb
BNR.pdb
BNS.pdb
BNT.pdb
BNZ.pdb
BO2.pdb
BO3.pdb
BO4.pdb
BO9.pdb
BOA.pdb
BOC.pdb
BOE.pdb
BOG.pdb
BOM.pdb
BOP.pdb
BOR.pdb
BOT.pdb
BOX.pdb
BOZ.pdb
BP.pdb
BP1.pdb
BP2.pdb
BP3.pdb
BP4.pdb
BP6.pdb
BPA.pdb
BPB.pdb
BPD.pdb
BPE.pdb
BPF.pdb
BPG.pdb
BPH.pdb
BPI.pdb
BPJ.pdb
BPL.pdb
BPM.pdb
BPN.pdb
BPO.pdb
BPP.pdb
BPR.pdb
BPS.pdb
BPT.pdb
BPY.pdb
BR.pdb
BR3.pdb
BR4.pdb
BR5.pdb
BRB.pdb
BRC.pdb
BRD.pdb
BRE.pdb
BRF.pdb
BRG.pdb
BRH.pdb
BRI.pdb
BRJ.pdb
BRK.pdb
BRL.pdb
BRM.pdb
BRN.pdb
BRO.pdb
BRP.pdb
BRQ.pdb
BRR.pdb
BRS.pdb
BRT.pdb
BRU.pdb
BRW.pdb
BRY.pdb
BRZ.pdb
BSA.pdb
BSB.pdb
BSC.pdb
BSE.pdb
BSI.pdb
BSM.pdb
BSP.pdb
BST.pdb
BSU.pdb
BT1.pdb
BT2.pdb
BT3.pdb
BT5.pdb
BTA.pdb
BTB.pdb
BTC.pdb
BTD.pdb
BTH.pdb
BTI.pdb
BTL.pdb
BTN.pdb
BTP.pdb
BTQ.pdb
BTR.pdb
BTS.pdb
BTT.pdb
BTX.pdb
BU1.pdb
BU2.pdb
BU3.pdb
BUA.pdb
BUB.pdb
BUC.pdb
BUG.pdb
BUK.pdb
BUL.pdb
BUM.pdb
BUQ.pdb
BUT.pdb
BV1.pdb
BV2.pdb
BV3.pdb
BV4.pdb
BVC.pdb
BVD.pdb
BVF.pdb
BVG.pdb
BVP.pdb
BW2.pdb
BWD.pdb
BWP.pdb
BX3.pdb
BYM.pdb
BYP.pdb
BYS.pdb
BZ1.pdb
BZA.pdb
BZB.pdb
BZC.pdb
BZD.pdb
BZF.pdb
BZI.pdb
BZM.pdb
BZO.pdb
BZP.pdb
BZQ.pdb
BZR.pdb
BZS.pdb
BZT.pdb
BZU.pdb
C.pdb
C01.pdb
C02.pdb
C0R.pdb
C10.pdb
C11.pdb
C12.pdb
C14.pdb
C15.pdb
C1A.pdb
C1B.pdb
C1F.pdb
C1M.pdb
C1N.pdb
C1O.pdb
C1P.pdb
C1R.pdb
C1X.pdb
C20.pdb
C24.pdb
C25.pdb
C26.pdb
C28.pdb
C2A.pdb
C2C.pdb
C2F.pdb
C2G.pdb
C2L.pdb
C2M.pdb
C2N.pdb
C2O.pdb
C2P.pdb
C2R.pdb
C2S.pdb
C31.pdb
C32.pdb
C33.pdb
C34.pdb
C36.pdb
C37.pdb
C38.pdb
C3A.pdb
C3M.pdb
C3O.pdb
C3P.pdb
C3S.pdb
C3X.pdb
C42.pdb
C43.pdb
C45.pdb
C46.pdb
C48.pdb
C49.pdb
C4A.pdb
C4M.pdb
C4P.pdb
C4X.pdb
C5C.pdb
C5G.pdb
C5M.pdb
C5P.pdb
C5X.pdb
C60.pdb
C66.pdb
C6C.pdb
C71.pdb
C78.pdb
C7M.pdb
C8E.pdb
CA.pdb
CA1.pdb
CA2.pdb
CA3.pdb
CA5.pdb
CAA.pdb
CAB.pdb
CAC.pdb
CAD.pdb
CAE.pdb
CAF.pdb
CAG.pdb
CAH.pdb
CAI.pdb
CAL.pdb
CAM.pdb
CAN.pdb
CAO.pdb
CAP.pdb
CAQ.pdb
CAR.pdb
CAS.pdb
CAT.pdb
CAV.pdb
CAX.pdb
CAY.pdb
CAZ.pdb
CB1.pdb
CB2.pdb
CB3.pdb
CB4.pdb
CB5.pdb
CBA.pdb
CBB.pdb
CBC.pdb
CBD.pdb
CBE.pdb
CBF.pdb
CBG.pdb
CBH.pdb
CBI.pdb
CBL.pdb
CBM.pdb
CBN.pdb
CBO.pdb
CBP.pdb
CBQ.pdb
CBR.pdb
CBS.pdb
CBT.pdb
CBX.pdb
CBZ.pdb
CC0.pdb
CC1.pdb
CCA.pdb
CCB.pdb
CCC.pdb
CCE.pdb
CCH.pdb
CCI.pdb
CCM.pdb
CCN.pdb
CCO.pdb
CCP.pdb
CCQ.pdb
CCR.pdb
CCS.pdb
CCT.pdb
CCV.pdb
CCY.pdb
CD.pdb
CD1.pdb
CD3.pdb
CD5.pdb
CDA.pdb
CDB.pdb
CDC.pdb
CDD.pdb
CDE.pdb
CDF.pdb
CDG.pdb
CDH.pdb
CDI.pdb
CDL.pdb
CDM.pdb
CDN.pdb
CDO.pdb
CDP.pdb
CDR.pdb
CDT.pdb
CDU.pdb
CDV.pdb
CDX.pdb
CDY.pdb
CE.pdb
CE1.pdb
CE2.pdb
CE3.pdb
CE9.pdb
CEA.pdb
CEB.pdb
CEC.pdb
CED.pdb
CEF.pdb
CEG.pdb
CEH.pdb
CEI.pdb
CEJ.pdb
CEL.pdb
CEM.pdb
CEN.pdb
CEO.pdb
CEP.pdb
CEQ.pdb
CER.pdb
CES.pdb
CET.pdb
CF5.pdb
CFA.pdb
CFB.pdb
CFC.pdb
CFF.pdb
CFM.pdb
CFN.pdb
CFO.pdb
CFP.pdb
CFS.pdb
CFT.pdb
CFX.pdb
CG.pdb
CG2.pdb
CGB.pdb
CGF.pdb
CGN.pdb
CGP.pdb
CGQ.pdb
CGS.pdb
CGT.pdb
CGU.pdb
CH.pdb
CH1.pdb
CH2.pdb
CH3.pdb
CH4.pdb
CH5.pdb
CH6.pdb
CH7.pdb
CHA.pdb
CHB.pdb
CHC.pdb
CHD.pdb
CHF.pdb
CHG.pdb
CHH.pdb
CHI.pdb
CHK.pdb
CHL.pdb
CHM.pdb
CHN.pdb
CHO.pdb
CHP.pdb
CHQ.pdb
CHR.pdb
CHS.pdb
CHT.pdb
CHX.pdb
CHY.pdb
CI2.pdb
CIA.pdb
CIB.pdb
CIC.pdb
CID.pdb
CIE.pdb
CIG.pdb
CIL.pdb
CIN.pdb
CIO.pdb
CIP.pdb
CIR.pdb
CIS.pdb
CIT.pdb
CIU.pdb
CK1.pdb
CK2.pdb
CK3.pdb
CK4.pdb
CK5.pdb
CK6.pdb
CK7.pdb
CK8.pdb
CK9.pdb
CKI.pdb
CKP.pdb
CL.pdb
CL1.pdb
CL2.pdb
CL3.pdb
CL4.pdb
CLA.pdb
CLB.pdb
CLC.pdb
CLD.pdb
CLE.pdb
CLF.pdb
CLG.pdb
CLH.pdb
CLI.pdb
CLK.pdb
CLL.pdb
CLM.pdb
CLN.pdb
CLO.pdb
CLP.pdb
CLQ.pdb
CLR.pdb
CLS.pdb
CLT.pdb
CLW.pdb
CLX.pdb
CLY.pdb
CLZ.pdb
CM.pdb
CM1.pdb
CM2.pdb
CM3.pdb
CM4.pdb
CM5.pdb
CMA.pdb
CMB.pdb
CMC.pdb
CMD.pdb
CME.pdb
CMF.pdb
CMG.pdb
CMH.pdb
CMI.pdb
CMK.pdb
CMM.pdb
CMN.pdb
CMO.pdb
CMP.pdb
CMQ.pdb
CMR.pdb
CMS.pdb
CMT.pdb
CMU.pdb
CMX.pdb
CN.pdb
CN1.pdb
CN2.pdb
CNA.pdb
CNB.pdb
CNC.pdb
CND.pdb
CNE.pdb
CNF.pdb
CNH.pdb
CNL.pdb
CNM.pdb
CNN.pdb
CNO.pdb
CNP.pdb
CNQ.pdb
CNS.pdb
CNT.pdb
CNY.pdb
CO.pdb
CO1.pdb
CO2.pdb
CO3.pdb
CO4.pdb
CO5.pdb
CO8.pdb
COA.pdb
COB.pdb
COC.pdb
COD.pdb
COE.pdb
COF.pdb
COG.pdb
COH.pdb
COI.pdb
COJ.pdb
COK.pdb
COL.pdb
COM.pdb
CON_w.pdb
COO.pdb
COP.pdb
COQ.pdb
COR.pdb
COS.pdb
COT.pdb
COU.pdb
COX.pdb
COY.pdb
COZ.pdb
CP.pdb
CP0.pdb
CP1.pdb
CP2.pdb
CP3.pdb
CP4.pdb
CP5.pdb
CP6.pdb
CP7.pdb
CP8.pdb
CP9.pdb
CPA.pdb
CPB.pdb
CPC.pdb
CPD.pdb
CPF.pdb
CPG.pdb
CPH.pdb
CPI.pdb
CPJ.pdb
CPK.pdb
CPL.pdb
CPM.pdb
CPN.pdb
CPO.pdb
CPP.pdb
CPQ.pdb
CPR.pdb
CPS.pdb
CPT.pdb
CPU.pdb
CPV.pdb
CPW.pdb
CPX.pdb
CPY.pdb
CPZ.pdb
CQA.pdb
CQP.pdb
CQR.pdb
CR.pdb
CR0.pdb
CR1.pdb
CR2.pdb
CR3.pdb
CR4.pdb
CR5.pdb
CR6.pdb
CR7.pdb
CR8.pdb
CR9.pdb
CRA.pdb
CRB.pdb
CRC.pdb
CRD.pdb
CRE.pdb
CRF.pdb
CRG.pdb
CRH.pdb
CRI.pdb
CRJ.pdb
CRK.pdb
CRL.pdb
CRM.pdb
CRN.pdb
CRO.pdb
CRP.pdb
CRQ.pdb
CRS.pdb
CRT.pdb
CRU.pdb
CRV.pdb
CRW.pdb
CRX.pdb
CRY.pdb
CRZ.pdb
CS.pdb
CS8.pdb
CSA.pdb
CSB.pdb
CSC.pdb
CSD.pdb
CSE.pdb
CSF.pdb
CSH.pdb
CSI.pdb
CSL.pdb
CSN.pdb
CSO.pdb
CSP.pdb
CSR.pdb
CSS.pdb
CST.pdb
CSU.pdb
CSW.pdb
CSX.pdb
CSY.pdb
CSZ.pdb
CT0.pdb
CT1.pdb
CT2.pdb
CT3.pdb
CT5.pdb
CT6.pdb
CT7.pdb
CT8.pdb
CT9.pdb
CTA.pdb
CTB.pdb
CTC.pdb
CTD.pdb
CTE.pdb
CTH.pdb
CTL.pdb
CTN.pdb
CTO.pdb
CTP.pdb
CTR.pdb
CTS.pdb
CTT.pdb
CTX.pdb
CTY.pdb
CTZ.pdb
CU.pdb
CU1.pdb
CUA.pdb
CUB.pdb
CUC.pdb
CUL.pdb
CUM.pdb
CUN.pdb
CUO.pdb
CUZ.pdb
CVB.pdb
CVI.pdb
CWR.pdb
CX6.pdb
CXA.pdb
CXB.pdb
CXE.pdb
CXF.pdb
CXL.pdb
CXM.pdb
CXN.pdb
CXP.pdb
CXS.pdb
CXT.pdb
CXY.pdb
CY1.pdb
CY3.pdb
CY4.pdb
CY6.pdb
CYA.pdb
CYB.pdb
CYC.pdb
CYD.pdb
CYE.pdb
CYF.pdb
CYG.pdb
CYH.pdb
CYI.pdb
CYJ.pdb
CYL.pdb
CYM.pdb
CYN.pdb
CYO.pdb
CYP.pdb
CYQ.pdb
CYR.pdb
CYS.pdb
CYU.pdb
CYX.pdb
CYY.pdb
CYZ.pdb
CZ2.pdb
CZB.pdb
CZH.pdb
CZI.pdb
CZM.pdb
CZN.pdb
CZP.pdb
CZZ.pdb
D01.pdb
D05.pdb
D10.pdb
D12.pdb
D13.pdb
D16.pdb
D18.pdb
D19.pdb
D1B.pdb
D1D.pdb
D1H.pdb
D1L.pdb
D1P.pdb
D23.pdb
D24.pdb
D2A.pdb
D2C.pdb
D2P.pdb
D3.pdb
D31.pdb
D34.pdb
D35.pdb
D3F.pdb
D3P.pdb
D3T.pdb
D42.pdb
D4D.pdb
D4M.pdb
D4P.pdb
D4T.pdb
D5G.pdb
D5M.pdb
D6G.pdb
D6P.pdb
D76.pdb
D7G.pdb
D7P.pdb
D91.pdb
D9G.pdb
DA.pdb
DA1.pdb
DA2.pdb
DA3.pdb
DA5.pdb
DA6.pdb
DA7.pdb
DAA.pdb
DAB.pdb
DAC.pdb
DAD.pdb
DAE.pdb
DAF.pdb
DAG.pdb
DAH.pdb
DAI.pdb
DAJ.pdb
DAK.pdb
DAL.pdb
DAM.pdb
DAN.pdb
DAO.pdb
DAP.pdb
DAQ.pdb
DAR.pdb
DAS.pdb
DAT.pdb
DAU.pdb
DAV.pdb
DAX.pdb
DB0.pdb
DB1.pdb
DBA.pdb
DBD.pdb
DBF.pdb
DBG.pdb
DBH.pdb
DBI.pdb
DBL.pdb
DBM.pdb
DBN.pdb
DBP.pdb
DBQ.pdb
DBR.pdb
DBS.pdb
DBT.pdb
DBU.pdb
DBV.pdb
DBY.pdb
DBZ.pdb
DC.pdb
DCA.pdb
DCB.pdb
DCC.pdb
DCD.pdb
DCE.pdb
DCF.pdb
DCG.pdb
DCH.pdb
DCI.pdb
DCL.pdb
DCM.pdb
DCN.pdb
DCO.pdb
DCP.pdb
DCS.pdb
DCT.pdb
DCU.pdb
DCY.pdb
DCZ.pdb
DDA.pdb
DDB.pdb
DDC.pdb
DDE.pdb
DDF.pdb
DDG.pdb
DDH.pdb
DDI.pdb
DDL.pdb
DDM.pdb
DDN.pdb
DDO.pdb
DDP.pdb
DDQ.pdb
DDT.pdb
DDU.pdb
DDX.pdb
DDY.pdb
DE1.pdb
DEA.pdb
DEB.pdb
DEC.pdb
DED.pdb
DEE.pdb
DEF.pdb
DEG.pdb
DEL.pdb
DEM.pdb
DEN.pdb
DEO.pdb
DEP.pdb
DEQ.pdb
DER.pdb
DES.pdb
DET.pdb
DEU.pdb
DEX.pdb
DEZ.pdb
DF1.pdb
DF2.pdb
DFA.pdb
DFB.pdb
DFC.pdb
DFE.pdb
DFG.pdb
DFI.pdb
DFL.pdb
DFM.pdb
DFN.pdb
DFO.pdb
DFP.pdb
DFR.pdb
DFT.pdb
DFV.pdb
DFW.pdb
DFX.pdb
DFY.pdb
DFZ.pdb
DG.pdb
DG2.pdb
DG3.pdb
DG6.pdb
DGA.pdb
DGB.pdb
DGC.pdb
DGD.pdb
DGF.pdb
DGG.pdb
DGH.pdb
DGI.pdb
DGL.pdb
DGM.pdb
DGN.pdb
DGP.pdb
DGS.pdb
DGT.pdb
DGX.pdb
DGY.pdb
DH2.pdb
DHA.pdb
DHB.pdb
DHC.pdb
DHD.pdb
DHE.pdb
DHF.pdb
DHG.pdb
DHH.pdb
DHI.pdb
DHJ.pdb
DHK.pdb
DHL.pdb
DHM.pdb
DHN.pdb
DHO.pdb
DHP.pdb
DHQ.pdb
DHR.pdb
DHS.pdb
DHT.pdb
DHU.pdb
DHY.pdb
DHZ.pdb
DI.pdb
DI2.pdb
DI3.pdb
DI4.pdb
DI5.pdb
DIA.pdb
DIB.pdb
DIC.pdb
DID.pdb
DIF.pdb
DIG.pdb
DIH.pdb
DII.pdb
DIL.pdb
DIM.pdb
DIN.pdb
DIO.pdb
DIP.pdb
DIQ.pdb
DIR.pdb
DIS.pdb
DIT.pdb
DIU.pdb
DIV.pdb
DIX.pdb
DIY.pdb
DIZ.pdb
DK1.pdb
DKA.pdb
DKI.pdb
DKT.pdb
DL6.pdb
DLA.pdb
DLE.pdb
DLF.pdb
DLG.pdb
DLP.pdb
DLQ.pdb
DLS.pdb
DLY.pdb
DM1.pdb
DM2.pdb
DM3.pdb
DM4.pdb
DM5.pdb
DM6.pdb
DM7.pdb
DM8.pdb
DM9.pdb
DMA.pdb
DMB.pdb
DMC.pdb
DMD.pdb
DME.pdb
DMF.pdb
DMG.pdb
DMH.pdb
DMI.pdb
DMJ.pdb
DMK.pdb
DML.pdb
DMM.pdb
DMN.pdb
DMO.pdb
DMP.pdb
DMQ.pdb
DMR.pdb
DMS.pdb
DMT.pdb
DMU.pdb
DMV.pdb
DMW.pdb
DMX.pdb
DMY.pdb
DMZ.pdb
DN1.pdb
DN2.pdb
DNC.pdb
DND.pdb
DNE.pdb
DNF.pdb
DNG.pdb
DNH.pdb
DNJ.pdb
DNL.pdb
DNM.pdb
DNN.pdb
DNP.pdb
DNQ.pdb
DNR.pdb
DNS.pdb
DNT.pdb
DO2.pdb
DO3.pdb
DO8.pdb
DOA.pdb
DOB.pdb
DOC.pdb
DOD.pdb
DOE.pdb
DOF.pdb
DOG.pdb
DOH.pdb
DOL.pdb
DOM.pdb
DOP.pdb
DOQ.pdb
DOR.pdb
DOS.pdb
DOT.pdb
DOX.pdb
DP1.pdb
DP2.pdb
DP3.pdb
DP4.pdb
DP5.pdb
DP7.pdb
DP9.pdb
DPA.pdb
DPB.pdb
DPC.pdb
DPD.pdb
DPE.pdb
DPG.pdb
DPH.pdb
DPI.pdb
DPK.pdb
DPL.pdb
DPM.pdb
DPN.pdb
DPO.pdb
DPP.pdb
DPR.pdb
DPS.pdb
DPT.pdb
DPU.pdb
DPX.pdb
DPY.pdb
DPZ.pdb
DQA.pdb
DQB.pdb
DQH.pdb
DQN.pdb
DQO.pdb
DQQ.pdb
DQR.pdb
DQU.pdb
DR0.pdb
DR1.pdb
DR2.pdb
DR3.pdb
DR4.pdb
DR5.pdb
DR6.pdb
DR7.pdb
DR8.pdb
DR9.pdb
DRA.pdb
DRB.pdb
DRC.pdb
DRE.pdb
DRF.pdb
DRG.pdb
DRI.pdb
DRM.pdb
DRP.pdb
DRT.pdb
DRU.pdb
DRZ.pdb
DSA.pdb
DSB.pdb
DSC.pdb
DSD.pdb
DSE.pdb
DSG.pdb
DSI.pdb
DSN.pdb
DSO.pdb
DSP.pdb
DSR.pdb
DSS.pdb
DST.pdb
DSU.pdb
DSX.pdb
DSY.pdb
DT1.pdb
DT2.pdb
DT3.pdb
DT4.pdb
DT5.pdb
DT6.pdb
DTB.pdb
DTC.pdb
DTD.pdb
DTF.pdb
DTG.pdb
DTH.pdb
DTI.pdb
DTL.pdb
DTM.pdb
DTN.pdb
DTO.pdb
DTP.pdb
DTQ.pdb
DTR.pdb
DTT.pdb
DTU.pdb
DTV.pdb
DTX.pdb
DTY.pdb
DU.pdb
DUC.pdb
DUD.pdb
DUM.pdb
DUN.pdb
DUO.pdb
DUP.pdb
DUR.pdb
DUT.pdb
DUX.pdb
DVA.pdb
DVR.pdb
DVT.pdb
DVV.pdb
DW2.pdb
DX5.pdb
DX9.pdb
DXA.pdb
DXB.pdb
DXC.pdb
DXD.pdb
DXE.pdb
DXG.pdb
DXN.pdb
DXP.pdb
DXX.pdb
DYB.pdb
DYG.pdb
DZF.pdb
DZN.pdb
DZP.pdb
DZZ.pdb
E.pdb
E09.pdb
E10.pdb
E12.pdb
E1H.pdb
E1P.pdb
E1X.pdb
E20.pdb
E2P.pdb
E3G.pdb
E4D.pdb
E4N.pdb
E4P.pdb
E64.pdb
E6C.pdb
E89.pdb
E96.pdb
E97.pdb
EA1.pdb
EA2.pdb
EA5.pdb
EAA.pdb
EAB.pdb
EAL.pdb
EAP.pdb
EB1.pdb
EBG.pdb
EBP.pdb
EBS.pdb
EBW.pdb
ECA.pdb
ECG.pdb
ECO.pdb
ECT.pdb
EDA.pdb
EDC.pdb
EDE.pdb
EDO.pdb
EDR.pdb
EDT.pdb
EEB.pdb
EEE.pdb
EFC.pdb
EFS.pdb
EFZ.pdb
EG1.pdb
EG2.pdb
EG3.pdb
EGC.pdb
EGD.pdb
EGL.pdb
EGT.pdb
EH5.pdb
EHA.pdb
EHD.pdb
EHN.pdb
EHP.pdb
EIC.pdb
EIN.pdb
EIP.pdb
EIT.pdb
EJT.pdb
EKE.pdb
EL.pdb
ELA.pdb
ELD.pdb
ELP.pdb
EMA.pdb
EMB.pdb
EMC.pdb
EMD.pdb
EMM.pdb
EMO.pdb
EMP.pdb
EMR.pdb
EMT.pdb
EMU.pdb
ENA.pdb
ENB.pdb
ENC.pdb
ENH.pdb
ENO.pdb
ENP.pdb
ENT.pdb
ENX.pdb
EOA.pdb
EOB.pdb
EOH.pdb
EOP.pdb
EOT.pdb
EOX.pdb
EOZ.pdb
EP.pdb
EP1.pdb
EPA.pdb
EPB.pdb
EPC.pdb
EPD.pdb
EPE.pdb
EPG.pdb
EPH.pdb
EPI.pdb
EPJ.pdb
EPM.pdb
EPN.pdb
EPO.pdb
EPQ.pdb
EPS.pdb
EPT.pdb
EPU.pdb
EPX.pdb
EPY.pdb
EQI.pdb
EQP.pdb
EQU.pdb
ERG.pdb
ERI.pdb
ERT.pdb
ERY.pdb
ESA.pdb
ESC.pdb
ESD.pdb
ESH.pdb
ESI.pdb
ESL.pdb
ESM.pdb
ESO.pdb
ESP.pdb
ESR.pdb
EST.pdb
ESX.pdb
ESY.pdb
ET.pdb
ETA.pdb
ETC.pdb
ETD.pdb
ETE.pdb
ETF.pdb
ETH.pdb
ETI.pdb
ETM.pdb
ETN.pdb
ETO.pdb
ETP.pdb
ETR.pdb
ETS.pdb
ETX.pdb
EU.pdb
EU3.pdb
EUD.pdb
EUG.pdb
EYS.pdb
F.pdb
F09.pdb
F15.pdb
F16.pdb
F17.pdb
F1G.pdb
F1P.pdb
F20.pdb
F23.pdb
F24.pdb
F29.pdb
F2B.pdb
F2G.pdb
F2O.pdb
F2P.pdb
F3F.pdb
F3G.pdb
F3S.pdb
F42.pdb
F43.pdb
F50.pdb
F6B.pdb
F6P.pdb
F6R.pdb
F83.pdb
F89.pdb
FA.pdb
FA1.pdb
FA2.pdb
FA3.pdb
FA4.pdb
FA5.pdb
FA6.pdb
FAA.pdb
FAB.pdb
FAC.pdb
FAD.pdb
FAE.pdb
FAF.pdb
FAG.pdb
FAL.pdb
FAM.pdb
FAN.pdb
FAP.pdb
FAR.pdb
FAS.pdb
FAT.pdb
FB.pdb
FBA.pdb
FBC.pdb
FBE.pdb
FBI.pdb
FBL.pdb
FBP.pdb
FBQ.pdb
FBS.pdb
FBT.pdb
FBU.pdb
FC1.pdb
FC2.pdb
FC3.pdb
FC6.pdb
FCA.pdb
FCB.pdb
FCD.pdb
FCG.pdb
FCI.pdb
FCL.pdb
FCN.pdb
FCO.pdb
FCP.pdb
FCR.pdb
FCT.pdb
FCX.pdb
FCY.pdb
FD1.pdb
FD2.pdb
FD3.pdb
FD4.pdb
FDA.pdb
FDC.pdb
FDD.pdb
FDE.pdb
FDI.pdb
FDM.pdb
FDN.pdb
FDP.pdb
FDQ.pdb
FDS.pdb
FDT.pdb
FE.pdb
FE2.pdb
FEA.pdb
FEC.pdb
FEL.pdb
FEM.pdb
FEN.pdb
FEO.pdb
FEP.pdb
FER.pdb
FES.pdb
FEX.pdb
FF3.pdb
FFB.pdb
FFC.pdb
FFF.pdb
FFO.pdb
FG1.pdb
FGL.pdb
FGP.pdb
FHB.pdb
FHC.pdb
FHI.pdb
FHL.pdb
FHM.pdb
FHP.pdb
FHU.pdb
FID.pdb
FIH.pdb
FII.pdb
FIL.pdb
FIN.pdb
FIP.pdb
FIR.pdb
FIS.pdb
FK5.pdb
FKA.pdb
FKD.pdb
FKI.pdb
FKP.pdb
FL2.pdb
FL8.pdb
FL9.pdb
FLA.pdb
FLC.pdb
FLD.pdb
FLE.pdb
FLF.pdb
FLG.pdb
FLH.pdb
FLM.pdb
FLN.pdb
FLO.pdb
FLP.pdb
FLQ.pdb
FLT.pdb
FLU.pdb
FLV.pdb
FLX.pdb
FM1.pdb
FM2.pdb
FMA.pdb
FMB.pdb
FMC.pdb
FMD.pdb
FME.pdb
FMF.pdb
FMI.pdb
FMM.pdb
FMN.pdb
FMP.pdb
FMR.pdb
FMS.pdb
FMT.pdb
FMU.pdb
FMX.pdb
FNE.pdb
FNG.pdb
FNH.pdb
FNP.pdb
FNR.pdb
FNS.pdb
FNZ.pdb
FOA.pdb
FOC.pdb
FOE.pdb
FOG.pdb
FOH.pdb
FOK.pdb
FOL.pdb
FOM.pdb
FON.pdb
FOP.pdb
FOR.pdb
FOS.pdb
FOX.pdb
FPA.pdb
FPB.pdb
FPC.pdb
FPD.pdb
FPE.pdb
FPH.pdb
FPI.pdb
FPN.pdb
FPO.pdb
FPP.pdb
FPR.pdb
FPS.pdb
FPT.pdb
FPY.pdb
FQP.pdb
FR0.pdb
FR1.pdb
FR2.pdb
FR3.pdb
FR4.pdb
FR5.pdb
FR6.pdb
FR7.pdb
FR8.pdb
FR9.pdb
FRA.pdb
FRB.pdb
FRC.pdb
FRD.pdb
FRE.pdb
FRF.pdb
FRG.pdb
FRH.pdb
FRI.pdb
FRJ.pdb
FRK.pdb
FRL.pdb
FRM.pdb
FRN.pdb
FRO.pdb
FRP.pdb
FRQ.pdb
FRU.pdb
FRZ.pdb
FS2.pdb
FS3.pdb
FS4.pdb
FSB.pdb
FSC.pdb
FSE.pdb
FSI.pdb
FSN.pdb
FSO.pdb
FSP.pdb
FSX.pdb
FTA.pdb
FTB.pdb
FTC.pdb
FTH.pdb
FTI.pdb
FTL.pdb
FTP.pdb
FTR.pdb
FTT.pdb
FTY.pdb
FU2.pdb
FUA.pdb
FUC.pdb
FUF.pdb
FUG.pdb
FUL.pdb
FUM.pdb
FUN.pdb
FUP.pdb
FUR.pdb
FUX.pdb
FVF.pdb
FWD.pdb
FXM.pdb
FXN.pdb
FXP.pdb
FXV.pdb
FXY.pdb
FYA.pdb
FYX.pdb
G.pdb
G16.pdb
G1P.pdb
G1R.pdb
G20.pdb
G21.pdb
G23.pdb
G24.pdb
G25.pdb
G26.pdb
G28.pdb
G2F.pdb
G2H.pdb
G2L.pdb
G2P.pdb
G2R.pdb
G2S.pdb
G31.pdb
G32.pdb
G33.pdb
G36.pdb
G37.pdb
G38.pdb
G39.pdb
G3D.pdb
G3H.pdb
G3P.pdb
G42.pdb
G46.pdb
G47.pdb
G48.pdb
G49.pdb
G4D.pdb
G4P.pdb
G4S.pdb
G5P.pdb
G6D.pdb
G6P.pdb
G6Q.pdb
G6S.pdb
G7M.pdb
GA.pdb
GA2.pdb
GA4.pdb
GA9.pdb
GAA.pdb
GAB.pdb
GAC.pdb
GAD.pdb
GAF.pdb
GAG.pdb
GAH.pdb
GAI.pdb
GAJ.pdb
GAL.pdb
GAM.pdb
GAN.pdb
GAO.pdb
GAP.pdb
GAQ.pdb
GAR.pdb
GAS.pdb
GAT.pdb
GAU.pdb
GB.pdb
GBC.pdb
GBD.pdb
GBI.pdb
GBL.pdb
GBN.pdb
GBP.pdb
GBS.pdb
GBX.pdb
GC4.pdb
GC7.pdb
GCA.pdb
GCD.pdb
GCG.pdb
GCH.pdb
GCK.pdb
GCL.pdb
GCM.pdb
GCN.pdb
GCO.pdb
GCP.pdb
GCQ.pdb
GCR.pdb
GCS.pdb
GCT.pdb
GCU.pdb
GCV.pdb
GCW.pdb
GD.pdb
GD3.pdb
GDA.pdb
GDB.pdb
GDC.pdb
GDD.pdb
GDL.pdb
GDM.pdb
GDN.pdb
GDP.pdb
GDR.pdb
GDS.pdb
GDU.pdb
GDX.pdb
GE1.pdb
GE2.pdb
GE3.pdb
GEA.pdb
GEG.pdb
GEL.pdb
GEM.pdb
GEN.pdb
GEO.pdb
GEP.pdb
GEQ.pdb
GER.pdb
GET.pdb
GFP.pdb
GGB.pdb
GGC.pdb
GGD.pdb
GGL.pdb
GGP.pdb
GH3.pdb
GHA.pdb
GHG.pdb
GHP.pdb
GIO.pdb
GIP.pdb
GIS.pdb
GKD.pdb
GKE.pdb
GKR.pdb
GL1.pdb
GL2.pdb
GL3.pdb
GL4.pdb
GL5.pdb
GL6.pdb
GL7.pdb
GL8.pdb
GL9.pdb
GLA.pdb
GLB.pdb
GLC.pdb
GLD.pdb
GLE.pdb
GLF.pdb
GLG.pdb
GLH.pdb
GLI.pdb
GLL.pdb
GLM.pdb
GLN.pdb
GLO.pdb
GLP.pdb
GLQ.pdb
GLR.pdb
GLS.pdb
GLT.pdb
GLU.pdb
GLV.pdb
GLW.pdb
GLX.pdb
GLY.pdb
GLZ.pdb
GM1.pdb
GM2.pdb
GM3.pdb
GM6.pdb
GMA.pdb
GMC.pdb
GMH.pdb
GMM.pdb
GMN.pdb
GMP.pdb
GMS.pdb
GMU.pdb
GMY.pdb
GN7.pdb
GNA.pdb
GNB.pdb
GND.pdb
GNE.pdb
GNF.pdb
GNG.pdb
GNH.pdb
GNP.pdb
GNQ.pdb
GNR.pdb
GNT.pdb
GOA.pdb
GOL.pdb
GOM.pdb
GOX.pdb
GP1.pdb
GP2.pdb
GP3.pdb
GP4.pdb
GP5.pdb
GP6.pdb
GP8.pdb
GPB.pdb
GPC.pdb
GPE.pdb
GPG.pdb
GPI.pdb
GPJ.pdb
GPL.pdb
GPM.pdb
GPN.pdb
GPP.pdb
GPR.pdb
GPS.pdb
GPX.pdb
GR1.pdb
GR3.pdb
GR4.pdb
GRF.pdb
GRG.pdb
GRL.pdb
GRO.pdb
GS.pdb
GS1.pdb
GS4.pdb
GSA.pdb
GSB.pdb
GSC.pdb
GSD.pdb
GSE.pdb
GSF.pdb
GSG.pdb
GSH.pdb
GSK.pdb
GSL.pdb
GSM.pdb
GSN.pdb
GSO.pdb
GSP.pdb
GSR.pdb
GSS.pdb
GST.pdb
GSU.pdb
GSW.pdb
GT9.pdb
GTA.pdb
GTB.pdb
GTD.pdb
GTE.pdb
GTG.pdb
GTH.pdb
GTL.pdb
GTM.pdb
GTN.pdb
GTO.pdb
GTP.pdb
GTR.pdb
GTS.pdb
GTT.pdb
GTX.pdb
GTY.pdb
GTZ.pdb
GU0.pdb
GU1.pdb
GU2.pdb
GU3.pdb
GU4.pdb
GU5.pdb
GU6.pdb
GU7.pdb
GU8.pdb
GU9.pdb
GUA.pdb
GUD.pdb
GUL.pdb
GUM.pdb
GUN.pdb
GUP.pdb
GUR.pdb
GVE.pdb
GW3.pdb
GW5.pdb
GWB.pdb
GXL.pdb
GYP.pdb
GZZ.pdb
H.pdb
H12.pdb
H16.pdb
H18.pdb
H1D.pdb
H1L.pdb
H1N.pdb
H1S.pdb
H20.pdb
H2A.pdb
H2B.pdb
H2P.pdb
H2S.pdb
H2U.pdb
H3S.pdb
H4B.pdb
H4M.pdb
H4P.pdb
H4Z.pdb
H52.pdb
H5M.pdb
H5P.pdb
H64.pdb
HA1.pdb
HAA.pdb
HAB.pdb
HAC.pdb
HAD.pdb
HAE.pdb
HAG.pdb
HAI.pdb
HAL.pdb
HAM.pdb
HAN.pdb
HAP.pdb
HAQ.pdb
HAR.pdb
HAS.pdb
HAV.pdb
HAX.pdb
HAZ.pdb
HB1.pdb
HBA.pdb
HBB.pdb
HBC.pdb
HBD.pdb
HBH.pdb
HBI.pdb
HBL.pdb
HBN.pdb
HBO.pdb
HBP.pdb
HBR.pdb
HBS.pdb
HBU.pdb
HBY.pdb
HC0.pdb
HC1.pdb
HC2.pdb
HC3.pdb
HC4.pdb
HC5.pdb
HCA.pdb
HCC.pdb
HCG.pdb
HCI.pdb
HCO.pdb
HCP.pdb
HCR.pdb
HCS.pdb
HCX.pdb
HDA.pdb
HDB.pdb
HDC.pdb
HDD.pdb
HDF.pdb
HDI.pdb
HDM.pdb
HDN.pdb
HDP.pdb
HDS.pdb
HDT.pdb
HDU.pdb
HDY.pdb
HDZ.pdb
HE1.pdb
HE2.pdb
HE3.pdb
HE4.pdb
HE6.pdb
HEA.pdb
HEB.pdb
HEC.pdb
HED.pdb
HEE.pdb
HEF.pdb
HEG.pdb
HEH.pdb
HEL.pdb
HEM.pdb
HEN.pdb
HEO.pdb
HEP.pdb
HEQ.pdb
HES.pdb
HEU.pdb
HEV.pdb
HEX.pdb
HEY.pdb
HEZ.pdb
HF1.pdb
HF3.pdb
HF5.pdb
HFA.pdb
HFL.pdb
HFM.pdb
HFP.pdb
HFS.pdb
HFT.pdb
HFV.pdb
HG.pdb
HG2.pdb
HG9.pdb
HGA.pdb
HGB.pdb
HGC.pdb
HGI.pdb
HGP.pdb
HGU.pdb
HGX.pdb
HH1.pdb
HH2.pdb
HHA.pdb
HHG.pdb
HHK.pdb
HHO.pdb
HHP.pdb
HHR.pdb
HI5.pdb
HI6.pdb
HIA.pdb
HIB.pdb
HIC.pdb
HIF.pdb
HII.pdb
HIN.pdb
HIO.pdb
HIP.pdb
HIQ.pdb
HIS.pdb
HIT.pdb
HLE.pdb
HLT.pdb
HLU.pdb
HM2.pdb
HMA.pdb
HMB.pdb
HMC.pdb
HMD.pdb
HMF.pdb
HMG.pdb
HMH.pdb
HMI.pdb
HMK.pdb
HMM.pdb
HMN.pdb
HMO.pdb
HMP.pdb
HMR.pdb
HMU.pdb
HNA.pdb
HNI.pdb
HNP.pdb
HO.pdb
HO3.pdb
HOA.pdb
HOB.pdb
HOC.pdb
HOE.pdb
HOH.pdb
HOL.pdb
HOM.pdb
HOP.pdb
HOQ.pdb
HOZ.pdb
HP1.pdb
HP2.pdb
HP3.pdb
HP6.pdb
HPA.pdb
HPB.pdb
HPC.pdb
HPD.pdb
HPE.pdb
HPF.pdb
HPG.pdb
HPH.pdb
HPI.pdb
HPL.pdb
HPM.pdb
HPN.pdb
HPO.pdb
HPP.pdb
HPQ.pdb
HPR.pdb
HPS.pdb
HPT.pdb
HPX.pdb
HPY.pdb
HQ.pdb
HQC.pdb
HQO.pdb
HQQ.pdb
HQU.pdb
HRB.pdb
HRG.pdb
HRI.pdb
HRP.pdb
HSA.pdb
HSE.pdb
HSF.pdb
HSL.pdb
HSM.pdb
HSO.pdb
HSP.pdb
HST.pdb
HT.pdb
HT1.pdb
HT2.pdb
HTA.pdb
HTC.pdb
HTF.pdb
HTG.pdb
HTI.pdb
HTL.pdb
HTO.pdb
HTP.pdb
HTQ.pdb
HTR.pdb
HUB.pdb
HUP.pdb
HUX.pdb
HV5.pdb
HV7.pdb
HV8.pdb
HWD.pdb
HWG.pdb
HXA.pdb
HXC.pdb
HXD.pdb
HXL.pdb
HXP.pdb
HY1.pdb
HY3.pdb
HYA.pdb
HYB.pdb
HYC.pdb
HYD.pdb
HYF.pdb
HYG.pdb
HYI.pdb
HYM.pdb
HYP.pdb
HYQ.pdb
I.pdb
I01.pdb
I04.pdb
I05.pdb
I06.pdb
I08.pdb
I10.pdb
I11.pdb
I12.pdb
I17.pdb
I1H.pdb
I1P.pdb
I2P.pdb
I3N.pdb
I3P.pdb
I3S.pdb
I40.pdb
I48.pdb
I4B.pdb
I4P.pdb
I52.pdb
I58.pdb
I59.pdb
I5C.pdb
I5P.pdb
I5S.pdb
I84.pdb
IA.pdb
IAA.pdb
IAB.pdb
IAD.pdb
IAG.pdb
IAM.pdb
IAP.pdb
IAS.pdb
IAV.pdb
IB.pdb
IB2.pdb
IBA.pdb
IBB.pdb
IBC.pdb
IBG.pdb
IBM.pdb
IBP.pdb
IBR.pdb
IBS.pdb
IBZ.pdb
IC.pdb
IC1.pdb
ICA.pdb
ICF.pdb
ICI.pdb
ICL.pdb
ICN.pdb
ICP.pdb
ICR.pdb
ICT.pdb
ICU.pdb
ID2.pdb
ID5.pdb
IDA.pdb
IDB.pdb
IDC.pdb
IDD.pdb
IDE.pdb
IDG.pdb
IDH.pdb
IDI.pdb
IDM.pdb
IDN.pdb
IDO.pdb
IDP.pdb
IDR.pdb
IDS.pdb
IDT.pdb
IDU.pdb
IDZ.pdb
IET.pdb
IEY.pdb
IFG.pdb
IFL.pdb
IFM.pdb
IFP.pdb
IG.pdb
IGL.pdb
IGN.pdb
IGP.pdb
IGU.pdb
IH1.pdb
IH2.pdb
IH3.pdb
IH4.pdb
IH5.pdb
IH6.pdb
IHB.pdb
IHE.pdb
IHG.pdb
IHI.pdb
IHJ.pdb
IHN.pdb
IHP.pdb
IHS.pdb
IHU.pdb
IIA.pdb
IIC.pdb
IIL.pdb
IIN.pdb
IIP.pdb
IK2.pdb
IK8.pdb
IKT.pdb
ILA.pdb
ILE.pdb
ILG.pdb
ILO.pdb
ILP.pdb
ILT.pdb
ILX.pdb
IM1.pdb
IM2.pdb
IMA.pdb
IMB.pdb
IMC.pdb
IMD.pdb
IME.pdb
IMF.pdb
IMG.pdb
IMH.pdb
IMI.pdb
IMK.pdb
IML.pdb
IMM.pdb
IMN.pdb
IMO.pdb
IMP.pdb
IMR.pdb
IMT.pdb
IMU.pdb
IMY.pdb
IMZ.pdb
IN.pdb
IN0.pdb
IN1.pdb
IN2.pdb
IN3.pdb
IN4.pdb
IN5.pdb
IN6.pdb
IN7.pdb
IN8.pdb
IN9.pdb
INA.pdb
INB.pdb
INC.pdb
IND.pdb
INE.pdb
INF.pdb
ING.pdb
INH.pdb
INI.pdb
INJ.pdb
INK.pdb
INL.pdb
INM.pdb
INN.pdb
INO.pdb
INP.pdb
INQ.pdb
INR.pdb
INS.pdb
INT.pdb
INU.pdb
INV.pdb
INW.pdb
INX.pdb
INY.pdb
INZ.pdb
IOA.pdb
IOB.pdb
IOC.pdb
IOD.pdb
IOE.pdb
IOF.pdb
IOH.pdb
IOL.pdb
IOM.pdb
ION.pdb
IOP.pdb
IOS.pdb
IOT.pdb
IOY.pdb
IP1.pdb
IP2.pdb
IP3.pdb
IP4.pdb
IPA.pdb
IPB.pdb
IPC.pdb
IPD.pdb
IPE.pdb
IPF.pdb
IPG.pdb
IPH.pdb
IPL.pdb
IPM.pdb
IPN.pdb
IPO.pdb
IPP.pdb
IPR.pdb
IPS.pdb
IPT.pdb
IPU.pdb
IPY.pdb
IPZ.pdb
IQA.pdb
IQB.pdb
IQP.pdb
IQS.pdb
IQZ.pdb
IR.pdb
IR3.pdb
IRI.pdb
IRP.pdb
IS2.pdb
ISA.pdb
ISB.pdb
ISC.pdb
ISF.pdb
ISN.pdb
ISO.pdb
ISP.pdb
ISQ.pdb
IST.pdb
ISU.pdb
ISX.pdb
ISZ.pdb
ITM.pdb
ITP.pdb
ITR.pdb
ITS.pdb
ITU.pdb
IU.pdb
IU5.pdb
IU6.pdb
IUM.pdb
IUR.pdb
IVA.pdb
IVS.pdb
IWD.pdb
IX1.pdb
IXM.pdb
IYG.pdb
IYR.pdb
IYT.pdb
IYZ.pdb
IZA.pdb
IZD.pdb
J12.pdb
J15.pdb
J77.pdb
J78.pdb
J80.pdb
JAN.pdb
JAS.pdb
JCB.pdb
JE2.pdb
JEF.pdb
JEN.pdb
JH0.pdb
JNH.pdb
JP1.pdb
JPC.pdb
JS4.pdb
JS5.pdb
JST.pdb
JY.pdb
K.pdb
K1R.pdb
K21.pdb
K25.pdb
K37.pdb
K44.pdb
K57.pdb
K64.pdb
KAB.pdb
KAH.pdb
KAI.pdb
KAM.pdb
KAN.pdb
KAP.pdb
KAR.pdb
KBG.pdb
KCP.pdb
KCX.pdb
KDA.pdb
KDG.pdb
KDO.pdb
KE4.pdb
KEF.pdb
KEG.pdb
KET.pdb
KEU.pdb
KGR.pdb
KH1.pdb
KHA.pdb
KHO.pdb
KHP.pdb
KI2.pdb
KIF.pdb
KIR.pdb
KIV.pdb
KJ2.pdb
KMB.pdb
KMP.pdb
KMT.pdb
KNI.pdb
KO4.pdb
KOJ.pdb
KOR.pdb
KOS.pdb
KPA.pdb
KPC.pdb
KPH.pdb
KPL.pdb
KR.pdb
KRA.pdb
KRB.pdb
KRI.pdb
KSA.pdb
KT3.pdb
KT5.pdb
KTH.pdb
KTN.pdb
KTP.pdb
KWT.pdb
KY1.pdb
KYN.pdb
L01.pdb
L02.pdb
L03.pdb
L04.pdb
L05.pdb
L06.pdb
L08.pdb
L09.pdb
L10.pdb
L11.pdb
L12.pdb
L17.pdb
L1A.pdb
L1B.pdb
L1P.pdb
L24.pdb
L27.pdb
L2P.pdb
L34.pdb
L35.pdb
L37.pdb
L3P.pdb
L47.pdb
L4G.pdb
L4P.pdb
L75.pdb
L79.pdb
L86.pdb
L98.pdb
LA.pdb
LA1.pdb
LAC.pdb
LAD.pdb
LAE.pdb
LAF.pdb
LAG.pdb
LAK.pdb
LAL.pdb
LAM.pdb
LAN.pdb
LAP.pdb
LAR.pdb
LAT.pdb
LAU.pdb
LAX.pdb
LAZ.pdb
LBT.pdb
LC.pdb
LCA.pdb
LCC.pdb
LCF.pdb
LCG.pdb
LCH.pdb
LCO.pdb
LCP.pdb
LCS.pdb
LCX.pdb
LDA.pdb
LDM.pdb
LDO.pdb
LDP.pdb
LDT.pdb
LEA.pdb
LEF.pdb
LEN.pdb
LEO.pdb
LET.pdb
LEU.pdb
LFA.pdb
LFN.pdb
LFR.pdb
LG.pdb
LG1.pdb
LG2.pdb
LG3.pdb
LG4.pdb
LG5.pdb
LG6.pdb
LGC.pdb
LGP.pdb
LGU.pdb
LGZ.pdb
LHG.pdb
LHU.pdb
LHY.pdb
LI.pdb
LI1.pdb
LI2.pdb
LI3.pdb
LI4.pdb
LI5.pdb
LI6.pdb
LI7.pdb
LI8.pdb
LI9.pdb
LIB.pdb
LIC.pdb
LID.pdb
LIE.pdb
LIF.pdb
LIG.pdb
LIH.pdb
LII.pdb
LIL.pdb
LIM.pdb
LIN.pdb
LIO.pdb
LIP.pdb
LIS.pdb
LIV.pdb
LKA.pdb
LKC.pdb
LKS.pdb
LLA.pdb
LLF.pdb
LLL.pdb
LLP.pdb
LLY.pdb
LM2.pdb
LME.pdb
LMG.pdb
LML.pdb
LMS.pdb
LMT.pdb
LMU.pdb
LMZ.pdb
LNC.pdb
LNG.pdb
LNK.pdb
LNL.pdb
LNO.pdb
LNQ.pdb
LNR.pdb
LO1.pdb
LOB.pdb
LOF.pdb
LOL.pdb
LOM.pdb
LOP.pdb
LOR.pdb
LOS.pdb
LOV.pdb
LOX.pdb
LP1.pdb
LP2.pdb
LP3.pdb
LPA.pdb
LPC.pdb
LPE.pdb
LPF.pdb
LPG.pdb
LPL.pdb
LPM.pdb
LPP.pdb
LPR.pdb
LPS.pdb
LPT.pdb
LQQ.pdb
LRB.pdb
LRU.pdb
LS1.pdb
LS2.pdb
LS3.pdb
LS4.pdb
LS5.pdb
LSO.pdb
LSP.pdb
LTA.pdb
LTL.pdb
LTN.pdb
LTR.pdb
LU.pdb
LUM.pdb
LUT.pdb
LUX.pdb
LVA.pdb
LVG.pdb
LVS.pdb
LX1.pdb
LXC.pdb
LXP.pdb
LY1.pdb
LY2.pdb
LY3.pdb
LY4.pdb
LYA.pdb
LYB.pdb
LYC.pdb
LYD.pdb
LYL.pdb
LYM.pdb
LYN.pdb
LYS.pdb
LYT.pdb
LYW.pdb
LYX.pdb
LYZ.pdb
M1A.pdb
M1C.pdb
M1G.pdb
M1L.pdb
M1N.pdb
M1P.pdb
M2C.pdb
M2G.pdb
M2M.pdb
M2P.pdb
M38.pdb
M3C.pdb
M3L.pdb
M5M.pdb
M6P.pdb
M6T.pdb
M77.pdb
M7G.pdb
M7P.pdb
M98.pdb
M99.pdb
MA0.pdb
MA1.pdb
MA2.pdb
MA3.pdb
MA4.pdb
MA5.pdb
MA6.pdb
MA7.pdb
MA8.pdb
MAA.pdb
MAB.pdb
MAC.pdb
MAD.pdb
MAE.pdb
MAF.pdb
MAG.pdb
MAH.pdb
MAI.pdb
MAK.pdb
MAL.pdb
MAM.pdb
MAN.pdb
MAO.pdb
MAP.pdb
MAQ.pdb
MAR.pdb
MAS.pdb
MAT.pdb
MAU.pdb
MAV.pdb
MAW.pdb
MAX.pdb
MAY.pdb
MAZ.pdb
MBA.pdb
MBB.pdb
MBD.pdb
MBF.pdb
MBG.pdb
MBH.pdb
MBN.pdb
MBO.pdb
MBP.pdb
MBQ.pdb
MBR.pdb
MBS.pdb
MBV.pdb
MBZ.pdb
MC.pdb
MC1.pdb
MC2.pdb
MC3.pdb
MC9.pdb
MCA.pdb
MCB.pdb
MCD.pdb
MCE.pdb
MCG.pdb
MCI.pdb
MCL.pdb
MCM.pdb
MCN.pdb
MCO.pdb
MCP.pdb
MCR.pdb
MCT.pdb
MCY.pdb
MD1.pdb
MD2.pdb
MDA.pdb
MDC.pdb
MDD.pdb
MDE.pdb
MDG.pdb
MDH.pdb
MDL.pdb
MDM.pdb
MDN.pdb
MDO.pdb
MDP.pdb
MDR.pdb
MDZ.pdb
ME2.pdb
ME3.pdb
MEA.pdb
MEB.pdb
MEC.pdb
MED.pdb
MEE.pdb
MEG.pdb
MEI.pdb
MEL.pdb
MEN.pdb
MEP.pdb
MEQ.pdb
MER.pdb
MES.pdb
MET.pdb
MEU.pdb
MEV.pdb
MEZ.pdb
MF2.pdb
MF3.pdb
MF4.pdb
MFA.pdb
MFB.pdb
MFC.pdb
MFD.pdb
MFM.pdb
MFN.pdb
MFP.pdb
MFQ.pdb
MFU.pdb
MG.pdb
MG7.pdb
MG8.pdb
MGA.pdb
MGB.pdb
MGC.pdb
MGD.pdb
MGE.pdb
MGF.pdb
MGG.pdb
MGL.pdb
MGM.pdb
MGN.pdb
MGP.pdb
MGR.pdb
MGS.pdb
MGT.pdb
MGU.pdb
MGX.pdb
MGY.pdb
MH2.pdb
MH3.pdb
MHA.pdb
MHB.pdb
MHC.pdb
MHF.pdb
MHL.pdb
MHM.pdb
MHN.pdb
MHO.pdb
MHS.pdb
MHZ.pdb
MI2.pdb
MIA.pdb
MIB.pdb
MIC.pdb
MID.pdb
MIK.pdb
MIL.pdb
MIM.pdb
MIN.pdb
MIP.pdb
MIS.pdb
MIT.pdb
MIX.pdb
MIY.pdb
MJI.pdb
MK1.pdb
MKC.pdb
MKE.pdb
MLA.pdb
MLC.pdb
MLD.pdb
MLE.pdb
MLG.pdb
MLI.pdb
MLK.pdb
MLM.pdb
MLN.pdb
MLP.pdb
MLR.pdb
MLT.pdb
MLY.pdb
MLZ.pdb
MM1.pdb
MM2.pdb
MM3.pdb
MM4.pdb
MMA.pdb
MMC.pdb
MME.pdb
MMI.pdb
MMN.pdb
MMO.pdb
MMP.pdb
MMQ.pdb
MMT.pdb
MMZ.pdb
MN.pdb
MN1.pdb
MN2.pdb
MN3.pdb
MN5.pdb
MN6.pdb
MN7.pdb
MN8.pdb
MNA.pdb
MNB.pdb
MNC.pdb
MNG.pdb
MNH.pdb
MNL.pdb
MNM.pdb
MNN.pdb
MNO.pdb
MNP.pdb
MNQ.pdb
MNR.pdb
MNS.pdb
MNT.pdb
MNU.pdb
MNV.pdb
MNX.pdb
MNY.pdb
MO.pdb
MO1.pdb
MO2.pdb
MO3.pdb
MO4.pdb
MO5.pdb
MO6.pdb
MO7.pdb
MO9.pdb
MOA.pdb
MOB.pdb
MOC.pdb
MOD.pdb
MOE.pdb
MOF.pdb
MOG.pdb
MOH.pdb
MOI.pdb
MOL.pdb
MON.pdb
MOO.pdb
MOP.pdb
MOQ.pdb
MOR.pdb
MOS.pdb
MOT.pdb
MOX.pdb
MP1.pdb
MP3.pdb
MP5.pdb
MPA.pdb
MPB.pdb
MPC.pdb
MPD.pdb
MPE.pdb
MPG.pdb
MPH.pdb
MPI.pdb
MPJ.pdb
MPL.pdb
MPM.pdb
MPN.pdb
MPO.pdb
MPP.pdb
MPQ.pdb
MPR.pdb
MPS.pdb
MPT.pdb
MPX.pdb
MPY.pdb
MPZ.pdb
MQ0.pdb
MQ1.pdb
MQ7.pdb
MQ8.pdb
MQ9.pdb
MQD.pdb
MQI.pdb
MQQ.pdb
MQU.pdb
MR2.pdb
MRC.pdb
MRD.pdb
MRG.pdb
MRK.pdb
MRM.pdb
MRP.pdb
MRY.pdb
MS1.pdb
MS2.pdb
MS3.pdb
MSA.pdb
MSB.pdb
MSC.pdb
MSD.pdb
MSE.pdb
MSF.pdb
MSG.pdb
MSH.pdb
MSI.pdb
MSL.pdb
MSM.pdb
MSN.pdb
MSO.pdb
MSP.pdb
MSQ.pdb
MSS.pdb
MST.pdb
MSU.pdb
MTA.pdb
MTB.pdb
MTC.pdb
MTD.pdb
MTE.pdb
MTF.pdb
MTG.pdb
MTH.pdb
MTI.pdb
MTJ.pdb
MTL.pdb
MTM.pdb
MTN.pdb
MTO.pdb
MTP.pdb
MTQ.pdb
MTR.pdb
MTS.pdb
MTT.pdb
MTU.pdb
MTV.pdb
MTW.pdb
MTX.pdb
MTY.pdb
MTZ.pdb
MUA.pdb
MUB.pdb
MUG.pdb
MUL.pdb
MUP.pdb
MUR.pdb
MUS.pdb
MVA.pdb
MVB.pdb
MVD.pdb
MW1.pdb
MW2.pdb
MW3.pdb
MX1.pdb
MXA.pdb
MXE.pdb
MXG.pdb
MXL.pdb
MXY.pdb
MXZ.pdb
MYA.pdb
MYC.pdb
MYD.pdb
MYE.pdb
MYG.pdb
MYP.pdb
MYQ.pdb
MYR.pdb
MYS.pdb
MYT.pdb
MYX.pdb
MYY.pdb
MZM.pdb
MZP.pdb
N.pdb
N1H.pdb
N1T.pdb
N20.pdb
N25.pdb
N2B.pdb
N2C.pdb
N2M.pdb
N2P.pdb
N2T.pdb
N3B.pdb
N3E.pdb
N3T.pdb
N41.pdb
N4B.pdb
N4T.pdb
N5B.pdb
N5T.pdb
N6G.pdb
N76.pdb
N7P.pdb
N8E.pdb
N8T.pdb
NA.pdb
NA1.pdb
NA2.pdb
NA3.pdb
NA4.pdb
NA5.pdb
NA6.pdb
NAA.pdb
NAB.pdb
NAC.pdb
NAD.pdb
NAE.pdb
NAF.pdb
NAG.pdb
NAH.pdb
NAI.pdb
NAJ.pdb
NAK.pdb
NAL.pdb
NAM.pdb
NAN.pdb
NAO.pdb
NAP.pdb
NAQ.pdb
NAR.pdb
NAS.pdb
NAT.pdb
NAU.pdb
NAV.pdb
NAW.pdb
NAX.pdb
NAY.pdb
NAZ.pdb
NBA.pdb
NBB.pdb
NBC.pdb
NBD.pdb
NBE.pdb
NBF.pdb
NBG.pdb
NBL.pdb
NBN.pdb
NBP.pdb
NBQ.pdb
NBS.pdb
NBT.pdb
NBU.pdb
NBZ.pdb
NC.pdb
NC1.pdb
NC2.pdb
NC3.pdb
NC4.pdb
NC6.pdb
NC7.pdb
NCA.pdb
NCB.pdb
NCC.pdb
NCD.pdb
NCF.pdb
NCG.pdb
NCH.pdb
NCM.pdb
NCN.pdb
NCO.pdb
NCP.pdb
NCR.pdb
NCS.pdb
NCT.pdb
NCY.pdb
NCZ.pdb
ND4.pdb
NDA.pdb
NDC.pdb
NDD.pdb
NDE.pdb
NDF.pdb
NDG.pdb
NDH.pdb
NDL.pdb
NDM.pdb
NDO.pdb
NDP.pdb
NDR.pdb
NDS.pdb
NDT.pdb
NE1.pdb
NE2.pdb
NE8.pdb
NEA.pdb
NEB.pdb
NEC.pdb
NED.pdb
NEH.pdb
NEM.pdb
NEN.pdb
NEO.pdb
NEP.pdb
NEQ.pdb
NES.pdb
NET.pdb
NEV.pdb
NEW.pdb
NEX.pdb
NEZ.pdb
NF.pdb
NF2.pdb
NFA.pdb
NFB.pdb
NFC.pdb
NFE.pdb
NFG.pdb
NFL.pdb
NFN.pdb
NFO.pdb
NFP.pdb
NFR.pdb
NFS.pdb
NFZ.pdb
NG1.pdb
NG6.pdb
NGA.pdb
NGH.pdb
NGK.pdb
NGL.pdb
NGM.pdb
NGO.pdb
NGP.pdb
NGS.pdb
NGT.pdb
NGU.pdb
NGV.pdb
NGZ.pdb
NH.pdb
NH1.pdb
NH2.pdb
NH3.pdb
NH4.pdb
NHB.pdb
NHD.pdb
NHE.pdb
NHM.pdb
NHO.pdb
NHP.pdb
NHR.pdb
NHS.pdb
NHY.pdb
NI.pdb
NI1.pdb
NI2.pdb
NI3.pdb
NIA.pdb
NIC.pdb
NID.pdb
NIK.pdb
NIM.pdb
NIN.pdb
NIO.pdb
NIP.pdb
NIR.pdb
NIS.pdb
NIT.pdb
NIU.pdb
NIV.pdb
NIY.pdb
NLA.pdb
NLC.pdb
NLE.pdb
NLG.pdb
NLN.pdb
NLO.pdb
NLP.pdb
NLQ.pdb
NLX.pdb
NM1.pdb
NMA.pdb
NMB.pdb
NMC.pdb
NMD.pdb
NME.pdb
NMG.pdb
NMH.pdb
NMN.pdb
NMO.pdb
NMP.pdb
NMQ.pdb
NMS.pdb
NMT.pdb
NMU.pdb
NMX.pdb
NMY.pdb
NNH.pdb
NNO.pdb
NNS.pdb
NO.pdb
NO2.pdb
NO3.pdb
NOA.pdb
NOC.pdb
NOD.pdb
NOE.pdb
NOG.pdb
NOJ.pdb
NOM.pdb
NON.pdb
NOP.pdb
NOQ.pdb
NOR.pdb
NOS.pdb
NOV.pdb
NOX.pdb
NP.pdb
NP1.pdb
NP2.pdb
NP3.pdb
NPA.pdb
NPB.pdb
NPC.pdb
NPD.pdb
NPE.pdb
NPF.pdb
NPG.pdb
NPH.pdb
NPI.pdb
NPJ.pdb
NPL.pdb
NPM.pdb
NPN.pdb
NPO.pdb
NPP.pdb
NPR.pdb
NPT.pdb
NPY.pdb
NQ.pdb
NR2.pdb
NRB.pdb
NRG.pdb
NRI.pdb
NRQ.pdb
NRT.pdb
NRU.pdb
NS1.pdb
NS5.pdb
NSA.pdb
NSB.pdb
NSC.pdb
NSN.pdb
NSP.pdb
NSS.pdb
NST.pdb
NT.pdb
NT1.pdb
NT2.pdb
NTA.pdb
NTB.pdb
NTC.pdb
NTD.pdb
NTF.pdb
NTH.pdb
NTJ.pdb
NTM.pdb
NTN.pdb
NTO.pdb
NTP.pdb
NTS.pdb
NTU.pdb
NTZ.pdb
NU1.pdb
NU5.pdb
NVA.pdb
NVI.pdb
NVP.pdb
NW1.pdb
NXA.pdb
NXD.pdb
NXN.pdb
NYC.pdb
NYL.pdb
NYM.pdb
NYP.pdb
NZH.pdb
NZQ.pdb
O.pdb
O16.pdb
O1C.pdb
O2.pdb
O2C.pdb
O4M.pdb
OAA.pdb
OAC.pdb
OAD.pdb
OAI.pdb
OAL.pdb
OAN.pdb
OAP.pdb
OAR.pdb
OAS.pdb
OBA.pdb
OBE.pdb
OBI.pdb
OBN.pdb
OBP.pdb
OBS.pdb
OC1.pdb
OC2.pdb
OC3.pdb
OC4.pdb
OC5.pdb
OC6.pdb
OC7.pdb
OC8.pdb
OC9.pdb
OCA.pdb
OCB.pdb
OCC.pdb
OCG.pdb
OCH.pdb
OCL.pdb
OCM.pdb
OCN.pdb
OCO.pdb
OCP.pdb
OCS.pdb
OCT.pdb
OCV.pdb
OCY.pdb
ODA.pdb
ODD.pdb
ODP.pdb
ODS.pdb
ODT.pdb
OEC.pdb
OES.pdb
OET.pdb
OF1.pdb
OF2.pdb
OF3.pdb
OFL.pdb
OFO.pdb
OGA.pdb
OGG.pdb
OH.pdb
OHE.pdb
OHH.pdb
OHO.pdb
OHS.pdb
OHT.pdb
OI1.pdb
OIC.pdb
OIN.pdb
OIP.pdb
OIR.pdb
OIS.pdb
OKA.pdb
OLA.pdb
OLE.pdb
OLI.pdb
OLN.pdb
OLO.pdb
OLP.pdb
OLT.pdb
OLU.pdb
OMB.pdb
OMC.pdb
OMD.pdb
OME.pdb
OMG.pdb
OMN.pdb
OMO.pdb
OMP.pdb
OMT.pdb
OMU.pdb
ONA.pdb
ONE.pdb
ONL.pdb
ONM.pdb
ONO.pdb
ONP.pdb
OOA.pdb
OPA.pdb
OPB.pdb
OPC.pdb
OPD.pdb
OPE.pdb
OPG.pdb
OPH.pdb
OPM.pdb
OPN.pdb
OPP.pdb
OPQ.pdb
OPR.pdb
OPS.pdb
OQB.pdb
OR5.pdb
ORE.pdb
ORN.pdb
ORO.pdb
ORP.pdb
ORX.pdb
OS.pdb
OSB.pdb
OSC.pdb
OSE.pdb
OSM.pdb
OSS.pdb
OST.pdb
OSU.pdb
OTA.pdb
OTB.pdb
OTE.pdb
OTG.pdb
OTP.pdb
OTR.pdb
OTS.pdb
OUT.pdb
OVA.pdb
OX.pdb
OX1.pdb
OX2.pdb
OXA.pdb
OXC.pdb
OXD.pdb
OXE.pdb
OXG.pdb
OXI.pdb
OXL.pdb
OXM.pdb
OXN.pdb
OXO.pdb
OXP.pdb
OXQ.pdb
OXR.pdb
OXS.pdb
OXX.pdb
OXY.pdb
OXZ.pdb
P.pdb
P01.pdb
P0E.pdb
P0P.pdb
P10.pdb
P11.pdb
P12.pdb
P13.pdb
P14.pdb
P16.pdb
P17.pdb
P1A.pdb
P1C.pdb
P1D.pdb
P1G.pdb
P1L.pdb
P1O.pdb
P1P.pdb
P1S.pdb
P1Z.pdb
P20.pdb
P22.pdb
P23.pdb
P24.pdb
P25.pdb
P27.pdb
P28.pdb
P2A.pdb
P2C.pdb
P2G.pdb
P2I.pdb
P2P.pdb
P2S.pdb
P2T.pdb
P2U.pdb
P2Y.pdb
P33.pdb
P34.pdb
P3A.pdb
P3G.pdb
P3M.pdb
P3P.pdb
P3S.pdb
P4C.pdb
P4G.pdb
P4P.pdb
P5A.pdb
P5B.pdb
P5P.pdb
P6C.pdb
P6G.pdb
P6L.pdb
P90.pdb
PA1.pdb
PA2.pdb
PA3.pdb
PA4.pdb
PA5.pdb
PA7.pdb
PA8.pdb
PAA.pdb
PAB.pdb
PAC.pdb
PAD.pdb
PAE.pdb
PAF.pdb
PAG.pdb
PAH.pdb
PAI.pdb
PAJ.pdb
PAK.pdb
PAL.pdb
PAM.pdb
PAN.pdb
PAO.pdb
PAP.pdb
PAQ.pdb
PAR.pdb
PAS.pdb
PAT.pdb
PAU.pdb
PAV.pdb
PAX.pdb
PB.pdb
PB1.pdb
PB3.pdb
PB4.pdb
PB5.pdb
PBA.pdb
PBB.pdb
PBC.pdb
PBE.pdb
PBF.pdb
PBG.pdb
PBI.pdb
PBM.pdb
PBN.pdb
PBO.pdb
PBP.pdb
PBR.pdb
PBS.pdb
PBU.pdb
PBZ.pdb
PC.pdb
PC0.pdb
PC1.pdb
PC2.pdb
PC3.pdb
PC5.pdb
PC6.pdb
PC8.pdb
PCA.pdb
PCB.pdb
PCC.pdb
PCD.pdb
PCE.pdb
PCF.pdb
PCG.pdb
PCH.pdb
PCI.pdb
PCL.pdb
PCM.pdb
PCN.pdb
PCO.pdb
PCP.pdb
PCQ.pdb
PCR.pdb
PCS.pdb
PCT.pdb
PCU.pdb
PCV.pdb
PCW.pdb
PCX.pdb
PCY.pdb
PCZ.pdb
PD.pdb
PD1.pdb
PD8.pdb
PDA.pdb
PDC.pdb
PDD.pdb
PDE.pdb
PDG.pdb
PDH.pdb
PDI.pdb
PDL.pdb
PDM.pdb
PDN.pdb
PDO.pdb
PDP.pdb
PDT.pdb
PDU.pdb
PDX.pdb
PE0.pdb
PE1.pdb
PE2.pdb
PE3.pdb
PE4.pdb
PE5.pdb
PE6.pdb
PE7.pdb
PE8.pdb
PE9.pdb
PEA.pdb
PEB.pdb
PEC.pdb
PED.pdb
PEE.pdb
PEF.pdb
PEG.pdb
PEH.pdb
PEI.pdb
PEJ.pdb
PEK.pdb
PEL.pdb
PEM.pdb
PEO.pdb
PEP.pdb
PEQ.pdb
PER.pdb
PET.pdb
PEU.pdb
PEX.pdb
PEZ.pdb
PF.pdb
PF3.pdb
PFA.pdb
PFB.pdb
PFC.pdb
PFD.pdb
PFE.pdb
PFF.pdb
PFG.pdb
PFI.pdb
PFL.pdb
PFM.pdb
PFP.pdb
PFQ.pdb
PFS.pdb
PFZ.pdb
PG0.pdb
PG1.pdb
PG2.pdb
PG3.pdb
PG4.pdb
PG5.pdb
PG6.pdb
PG7.pdb
PG8.pdb
PG9.pdb
PGA.pdb
PGC.pdb
PGD.pdb
PGE.pdb
PGG.pdb
PGH.pdb
PGJ.pdb
PGL.pdb
PGM.pdb
PGN.pdb
PGO.pdb
PGP.pdb
PGQ.pdb
PGR.pdb
PGS.pdb
PGU.pdb
PGV.pdb
PGX.pdb
PGY.pdb
PH1.pdb
PH2.pdb
PH3.pdb
PH7.pdb
PH9.pdb
PHA.pdb
PHB.pdb
PHC.pdb
PHD.pdb
PHE.pdb
PHF.pdb
PHG.pdb
PHH.pdb
PHI.pdb
PHJ.pdb
PHK.pdb
PHL.pdb
PHM.pdb
PHN.pdb
PHO.pdb
PHP.pdb
PHQ.pdb
PHS.pdb
PHT.pdb
PHW.pdb
PHX.pdb
PHY.pdb
PHZ.pdb
PI.pdb
PI1.pdb
PI2.pdb
PI3.pdb
PI4.pdb
PI5.pdb
PI6.pdb
PI7.pdb
PI8.pdb
PI9.pdb
PIA.pdb
PIB.pdb
PIC.pdb
PID.pdb
PIE.pdb
PIG.pdb
PIH.pdb
PII.pdb
PIL.pdb
PIM.pdb
PIN.pdb
PIO.pdb
PIP.pdb
PIQ.pdb
PIR.pdb
PIS.pdb
PIU.pdb
PIV.pdb
PKF.pdb
PL1.pdb
PL9.pdb
PLA.pdb
PLB.pdb
PLC.pdb
PLD.pdb
PLE.pdb
PLG.pdb
PLH.pdb
PLM.pdb
PLO.pdb
PLP.pdb
PLR.pdb
PLS.pdb
PLT.pdb
PLU.pdb
PLV.pdb
PLX.pdb
PLY.pdb
PM1.pdb
PM2.pdb
PM3.pdb
PMA.pdb
PMB.pdb
PMC.pdb
PMD.pdb
PME.pdb
PMG.pdb
PMH.pdb
PML.pdb
PMM.pdb
PMN.pdb
PMO.pdb
PMP.pdb
PMS.pdb
PMT.pdb
PMY.pdb
PMZ.pdb
PN1.pdb
PN2.pdb
PNA.pdb
PNB.pdb
PNC.pdb
PND.pdb
PNE.pdb
PNF.pdb
PNG.pdb
PNI.pdb
PNL.pdb
PNM.pdb
PNN.pdb
PNO.pdb
PNP.pdb
PNQ.pdb
PNS.pdb
PNT.pdb
PNU.pdb
PNV.pdb
PNX.pdb
PNZ.pdb
PO0.pdb
PO2.pdb
PO3.pdb
PO4.pdb
POA.pdb
POB.pdb
POC.pdb
POD.pdb
POG.pdb
POH.pdb
POI.pdb
POL.pdb
POM.pdb
PON.pdb
POO.pdb
POP.pdb
POQ.pdb
POR.pdb
POS.pdb
PP1.pdb
PP2.pdb
PP3.pdb
PP4.pdb
PP5.pdb
PP6.pdb
PP7.pdb
PP8.pdb
PP9.pdb
PPB.pdb
PPC.pdb
PPD.pdb
PPE.pdb
PPF.pdb
PPG.pdb
PPH.pdb
PPI.pdb
PPJ.pdb
PPK.pdb
PPL.pdb
PPM.pdb
PPN.pdb
PPO.pdb
PPP.pdb
PPQ.pdb
PPR.pdb
PPS.pdb
PPT.pdb
PPU.pdb
PPV.pdb
PPW.pdb
PPX.pdb
PPY.pdb
PPZ.pdb
PQ0.pdb
PQ1.pdb
PQ9.pdb
PQA.pdb
PQB.pdb
PQN.pdb
PQQ.pdb
PR.pdb
PR0.pdb
PR1.pdb
PR2.pdb
PR3.pdb
PR5.pdb
PRA.pdb
PRB.pdb
PRC.pdb
PRD.pdb
PRE.pdb
PRF.pdb
PRH.pdb
PRI.pdb
PRL.pdb
PRM.pdb
PRN_w.pdb
PRO.pdb
PRP.pdb
PRR.pdb
PRS.pdb
PRT.pdb
PRX.pdb
PRY.pdb
PRZ.pdb
PS0.pdb
PS1.pdb
PS5.pdb
PSA.pdb
PSB.pdb
PSC.pdb
PSD.pdb
PSE.pdb
PSF.pdb
PSG.pdb
PSI.pdb
PSL.pdb
PSM.pdb
PSN.pdb
PSO.pdb
PSP.pdb
PSQ.pdb
PSR.pdb
PSS.pdb
PST.pdb
PSU.pdb
PT.pdb
PT1.pdb
PT2.pdb
PT3.pdb
PT4.pdb
PTA.pdb
PTB.pdb
PTC.pdb
PTD.pdb
PTE.pdb
PTF.pdb
PTH.pdb
PTI.pdb
PTL.pdb
PTM.pdb
PTN.pdb
PTO.pdb
PTP.pdb
PTR.pdb
PTS.pdb
PTT.pdb
PTU.pdb
PTX.pdb
PTY.pdb
PU.pdb
PU0.pdb
PU1.pdb
PU2.pdb
PU3.pdb
PU4.pdb
PU5.pdb
PU6.pdb
PU7.pdb
PU8.pdb
PU9.pdb
PUA.pdb
PUB.pdb
PUR.pdb
PUT.pdb
PUX.pdb
PUY.pdb
PUZ.pdb
PVA.pdb
PVB.pdb
PVC.pdb
PVD.pdb
PVH.pdb
PVL.pdb
PX1.pdb
PX2.pdb
PX4.pdb
PX6.pdb
PX8.pdb
PXA.pdb
PXF.pdb
PXG.pdb
PXI.pdb
PXL.pdb
PXM.pdb
PXP.pdb
PXY.pdb
PXZ.pdb
PY1.pdb
PY2.pdb
PY3.pdb
PY4.pdb
PY5.pdb
PY6.pdb
PY7.pdb
PYA.pdb
PYB.pdb
PYC.pdb
PYD.pdb
PYE.pdb
PYF.pdb
PYG.pdb
PYI.pdb
PYL.pdb
PYM.pdb
PYN.pdb
PYO.pdb
PYP.pdb
PYQ.pdb
PYR.pdb
PYS.pdb
PYT.pdb
PYX.pdb
PYY.pdb
PYZ.pdb
PZ1.pdb
PZA.pdb
PZN.pdb
PZO.pdb
PZQ.pdb
Q2Y.pdb
Q50.pdb
Q82.pdb
QMS.pdb
QNC.pdb
QND.pdb
QNO.pdb
QSI.pdb
QTR.pdb
QUA.pdb
QUE.pdb
QUI.pdb
QUM.pdb
QUN.pdb
QUO.pdb
QUS.pdb
QX.pdb
QYT.pdb
R.pdb
R01.pdb
R02.pdb
R03.pdb
R04.pdb
R11.pdb
R12.pdb
R13.pdb
R16.pdb
R17.pdb
R18.pdb
R19.pdb
R1A.pdb
R1P.pdb
R20.pdb
R22.pdb
R23.pdb
R36.pdb
R37.pdb
R46.pdb
R4A.pdb
R55.pdb
R56.pdb
R5P.pdb
R64.pdb
R68.pdb
R69.pdb
R6C.pdb
R71.pdb
R79.pdb
R7A.pdb
R88.pdb
R94.pdb
R96.pdb
R99.pdb
RA2.pdb
RA4.pdb
RA8.pdb
RAA.pdb
RAB.pdb
RAC.pdb
RAD.pdb
RAE.pdb
RAG.pdb
RAI.pdb
RAL.pdb
RAM.pdb
RAN.pdb
RAO.pdb
RAP.pdb
RAS.pdb
RAZ.pdb
RB.pdb
RB2.pdb
RB3.pdb
RBC.pdb
RBE.pdb
RBF.pdb
RBP.pdb
RBT.pdb
RBU.pdb
RBZ.pdb
RC1.pdb
RCA.pdb
RCL.pdb
RCO.pdb
RCP.pdb
RDC.pdb
RDE.pdb
RDF.pdb
RDI.pdb
RDL.pdb
RDR.pdb
RE.pdb
RE1.pdb
RE9.pdb
REA.pdb
RED.pdb
REO.pdb
REP.pdb
RES.pdb
RET.pdb
REX.pdb
REY.pdb
RFA.pdb
RFB.pdb
RFL.pdb
RFP.pdb
RG1.pdb
RGA.pdb
RGC.pdb
RGI.pdb
RGS.pdb
RH1.pdb
RHA.pdb
RHC.pdb
RHD.pdb
RHM.pdb
RHO.pdb
RHP.pdb
RHQ.pdb
RHS.pdb
RIA.pdb
RIB.pdb
RIC.pdb
RIF.pdb
RIG.pdb
RIL.pdb
RIN.pdb
RIO.pdb
RIP.pdb
RIS.pdb
RIT.pdb
RL2.pdb
RLP.pdb
RM1.pdb
RM2.pdb
RMA.pdb
RMB.pdb
RMC.pdb
RMN.pdb
RMP.pdb
RNG.pdb
RNO.pdb
RNP.pdb
RNS.pdb
RNT.pdb
RO0.pdb
RO2.pdb
RO4.pdb
ROB.pdb
ROC.pdb
ROF.pdb
ROI.pdb
ROL.pdb
ROM.pdb
RON.pdb
ROP.pdb
ROS.pdb
ROX.pdb
RP1.pdb
RP5.pdb
RPA.pdb
RPD.pdb
RPF.pdb
RPH.pdb
RPL.pdb
RPN.pdb
RPP.pdb
RPR.pdb
RPT.pdb
RPX.pdb
RQ3.pdb
RR1.pdb
RR6.pdb
RRC.pdb
RRP.pdb
RRR.pdb
RRS.pdb
RRT.pdb
RS1.pdb
RS2.pdb
RS7.pdb
RSA.pdb
RSD.pdb
RSH.pdb
RSO.pdb
RSS.pdb
RT.pdb
RTA.pdb
RTB.pdb
RTC.pdb
RTL.pdb
RTP.pdb
RTR.pdb
RU.pdb
RU7.pdb
RUA.pdb
RUB.pdb
RUN.pdb
RUP.pdb
RUT.pdb
RVP.pdb
RWF.pdb
RWJ.pdb
RXP.pdb
RYU.pdb
S.pdb
S01.pdb
S02.pdb
S03.pdb
S0H.pdb
S11.pdb
S14.pdb
S1A.pdb
S1H.pdb
S1S.pdb
S27.pdb
S2C.pdb
S2M.pdb
S3P.pdb
S4C.pdb
S4U.pdb
S57.pdb
S58.pdb
S5H.pdb
S6G.pdb
S6P.pdb
S70.pdb
S80.pdb
SA3.pdb
SA8.pdb
SAA.pdb
SAB.pdb
SAC.pdb
SAD.pdb
SAE.pdb
SAF.pdb
SAH.pdb
SAI.pdb
SAL.pdb
SAM.pdb
SAN.pdb
SAP.pdb
SAR.pdb
SAS.pdb
SAZ.pdb
SB.pdb
SB1.pdb
SB2.pdb
SB3.pdb
SB4.pdb
SB5.pdb
SB6.pdb
SB7.pdb
SB8.pdb
SB9.pdb
SBA.pdb
SBB.pdb
SBC.pdb
SBD.pdb
SBE.pdb
SBH.pdb
SBI.pdb
SBL.pdb
SBN.pdb
SBO.pdb
SBP.pdb
SBR.pdb
SBS.pdb
SBT.pdb
SBU.pdb
SBX.pdb
SBZ.pdb
SC.pdb
SC1.pdb
SC3.pdb
SC4.pdb
SC5.pdb
SCA.pdb
SCC.pdb
SCD.pdb
SCG.pdb
SCH.pdb
SCI.pdb
SCK.pdb
SCL.pdb
SCM.pdb
SCN.pdb
SCO.pdb
SCP.pdb
SCR.pdb
SCS.pdb
SCT.pdb
SCU.pdb
SCV.pdb
SCY.pdb
SD2.pdb
SD8.pdb
SDA.pdb
SDC.pdb
SDK.pdb
SDP.pdb
SDS.pdb
SDZ.pdb
SE.pdb
SE4.pdb
SEA.pdb
SEB.pdb
SEC.pdb
SEG.pdb
SEH.pdb
SEI.pdb
SEK.pdb
SEL.pdb
SEM.pdb
SEO.pdb
SEP.pdb
SER.pdb
SES.pdb
SET.pdb
SEU.pdb
SF3.pdb
SF4.pdb
SFA.pdb
SFD.pdb
SFG.pdb
SFM.pdb
SFN.pdb
SFO.pdb
SFP.pdb
SFT.pdb
SG1.pdb
SG2.pdb
SGA.pdb
SGC.pdb
SGL.pdb
SGM.pdb
SGN.pdb
SGP.pdb
SH1.pdb
SH4.pdb
SHA.pdb
SHC.pdb
SHF.pdb
SHH.pdb
SHI.pdb
SHM.pdb
SHO.pdb
SHP.pdb
SHR.pdb
SHT.pdb
SHU.pdb
SHV.pdb
SHY.pdb
SI2.pdb
SIA.pdb
SIF.pdb
SIG.pdb
SIH.pdb
SIL.pdb
SIM.pdb
SIN.pdb
SK2.pdb
SKA.pdb
SKD.pdb
SKF.pdb
SKM.pdb
SKP.pdb
SL1.pdb
SL2.pdb
SL3.pdb
SLB.pdb
SLE.pdb
SLF.pdb
SLN.pdb
SLT.pdb
SLU.pdb
SLZ.pdb
SM.pdb
SM1.pdb
SM2.pdb
SM3.pdb
SMA.pdb
SMB.pdb
SMC.pdb
SMD.pdb
SME.pdb
SMF.pdb
SMG.pdb
SML.pdb
SMM.pdb
SMN.pdb
SMO.pdb
SMP.pdb
SMS.pdb
SMT.pdb
SN0.pdb
SN1.pdb
SN2.pdb
SN6.pdb
SN7.pdb
SN8.pdb
SN9.pdb
SNA.pdb
SNC.pdb
SND.pdb
SNG.pdb
SNH.pdb
SNI.pdb
SNL.pdb
SNN.pdb
SNO.pdb
SNP.pdb
SNR.pdb
SO1.pdb
SO2.pdb
SO3.pdb
SO4.pdb
SOA.pdb
SOC.pdb
SOG.pdb
SOH.pdb
SOM.pdb
SON.pdb
SOR.pdb
SOT.pdb
SOX.pdb
SOY.pdb
SP0.pdb
SP1.pdb
SP2.pdb
SP3.pdb
SPA.pdb
SPB.pdb
SPC.pdb
SPD.pdb
SPE.pdb
SPF.pdb
SPG.pdb
SPH.pdb
SPI.pdb
SPK.pdb
SPL.pdb
SPM.pdb
SPN.pdb
SPO.pdb
SPP.pdb
SPQ.pdb
SPR.pdb
SPS.pdb
SPT.pdb
SPV.pdb
SPW.pdb
SPX.pdb
SPY.pdb
SQ.pdb
SQA.pdb
SQD.pdb
SQU.pdb
SR.pdb
SR1.pdb
SRA.pdb
SRB.pdb
SRD.pdb
SRL.pdb
SRM.pdb
SRN.pdb
SRP.pdb
SRS.pdb
SRT.pdb
SRY.pdb
SS1.pdb
SS2.pdb
SSA.pdb
SSB.pdb
SSC.pdb
SSD.pdb
SSE.pdb
SSG.pdb
SSH.pdb
SSL.pdb
SSO.pdb
SSP.pdb
SSS.pdb
SSU.pdb
ST1.pdb
ST2.pdb
ST3.pdb
ST4.pdb
ST5.pdb
ST6.pdb
ST8.pdb
STA.pdb
STB.pdb
STC.pdb
STD.pdb
STE.pdb
STG.pdb
STH.pdb
STI.pdb
STL.pdb
STN.pdb
STO.pdb
STP.pdb
STR.pdb
STS.pdb
STU.pdb
STX.pdb
STY.pdb
SU1.pdb
SU2.pdb
SU9.pdb
SUA.pdb
SUB.pdb
SUC.pdb
SUD.pdb
SUG.pdb
SUI.pdb
SUJ.pdb
SUL.pdb
SUM.pdb
SUO.pdb
SUP.pdb
SUR.pdb
SUW.pdb
SVA.pdb
SVR.pdb
SWA.pdb
SWF.pdb
SWI.pdb
SX.pdb
SXX.pdb
SYB.pdb
SYM.pdb
SYR.pdb
T.pdb
T10.pdb
T16.pdb
T19.pdb
T1A.pdb
T1D.pdb
T1P.pdb
T23.pdb
T29.pdb
T2M.pdb
T2P.pdb
T2S.pdb
T2T.pdb
T3.pdb
T31.pdb
T32.pdb
T33.pdb
T36.pdb
T37.pdb
T38.pdb
T39.pdb
T3A.pdb
T3P.pdb
T41.pdb
T42.pdb
T44.pdb
T48.pdb
T49.pdb
T4A.pdb
T4P.pdb
T50.pdb
T5A.pdb
T5P.pdb
T66.pdb
T6A.pdb
T6P.pdb
T76.pdb
T80.pdb
T87.pdb
T98.pdb
TA1.pdb
TA4.pdb
TA6.pdb
TAA.pdb
TAB.pdb
TAC.pdb
TAD.pdb
TAF.pdb
TAL.pdb
TAM.pdb
TAO.pdb
TAP.pdb
TAQ.pdb
TAR.pdb
TAS.pdb
TAT.pdb
TAU.pdb
TAV.pdb
TAX.pdb
TAZ.pdb
TB.pdb
TB9.pdb
TBA.pdb
TBC.pdb
TBD.pdb
TBE.pdb
TBF.pdb
TBG.pdb
TBH.pdb
TBI.pdb
TBM.pdb
TBN.pdb
TBO.pdb
TBP.pdb
TBR.pdb
TBS.pdb
TBT.pdb
TBU.pdb
TBZ.pdb
TC1.pdb
TC4.pdb
TCA.pdb
TCB.pdb
TCC.pdb
TCD.pdb
TCH.pdb
TCK.pdb
TCL.pdb
TCM.pdb
TCN.pdb
TCO.pdb
TCP.pdb
TCQ.pdb
TCR.pdb
TCT.pdb
TCZ.pdb
TDA.pdb
TDB.pdb
TDE.pdb
TDG.pdb
TDI.pdb
TDK.pdb
TDL.pdb
TDM.pdb
TDO.pdb
TDP.pdb
TDR.pdb
TDS.pdb
TDT.pdb
TDX.pdb
TE.pdb
TEA.pdb
TEE.pdb
TEI.pdb
TEL.pdb
TEM.pdb
TEN.pdb
TEO.pdb
TEP.pdb
TER.pdb
TES.pdb
TET.pdb
TF1.pdb
TF2.pdb
TF3.pdb
TF4.pdb
TFA.pdb
TFB.pdb
TFC.pdb
TFE.pdb
TFH.pdb
TFI.pdb
TFK.pdb
TFM.pdb
TFO.pdb
TFP.pdb
TFT.pdb
TG1.pdb
TGF.pdb
TGG.pdb
TGL.pdb
TGN.pdb
TGP.pdb
TGT.pdb
TH1.pdb
TH2.pdb
THA.pdb
THB.pdb
THC.pdb
THD.pdb
THE.pdb
THF.pdb
THG.pdb
THH.pdb
THI.pdb
THJ.pdb
THK.pdb
THL.pdb
THM.pdb
THN.pdb
THO.pdb
THP.pdb
THQ.pdb
THR.pdb
THS.pdb
THT.pdb
THU.pdb
THV.pdb
THW.pdb
THX.pdb
THY.pdb
THZ.pdb
TI1.pdb
TI2.pdb
TI3.pdb
TIA.pdb
TIB.pdb
TIH.pdb
TIN.pdb
TIO.pdb
TIT.pdb
TK4.pdb
TKL.pdb
TL.pdb
TL1.pdb
TL2.pdb
TL3.pdb
TL4.pdb
TL5.pdb
TL6.pdb
TLA.pdb
TLB.pdb
TLC.pdb
TLM.pdb
TLN.pdb
TLP.pdb
TLX.pdb
TM5.pdb
TM6.pdb
TMA.pdb
TMB.pdb
TMC.pdb
TMD.pdb
TME.pdb
TMF.pdb
TMG.pdb
TMH.pdb
TMI.pdb
TML.pdb
TMM.pdb
TMN.pdb
TMP.pdb
TMQ.pdb
TMR.pdb
TMS.pdb
TMT.pdb
TMU.pdb
TMZ.pdb
TN1.pdb
TN2.pdb
TN3.pdb
TN4.pdb
TN5.pdb
TNB.pdb
TNC.pdb
TND.pdb
TNE.pdb
TNF.pdb
TNK.pdb
TNL.pdb
TNP.pdb
TNR.pdb
TNT.pdb
TNV.pdb
TOA.pdb
TOB.pdb
TOC.pdb
TOL.pdb
TON.pdb
TOP.pdb
TOS.pdb
TOT.pdb
TOU.pdb
TOY.pdb
TP1.pdb
TP2.pdb
TP3.pdb
TP4.pdb
TP5.pdb
TP7.pdb
TPA.pdb
TPB.pdb
TPC.pdb
TPD.pdb
TPE.pdb
TPF.pdb
TPG.pdb
TPH.pdb
TPI.pdb
TPL.pdb
TPM.pdb
TPN.pdb
TPO.pdb
TPP.pdb
TPQ.pdb
TPR.pdb
TPS.pdb
TPT.pdb
TPV.pdb
TPX.pdb
TPY.pdb
TQ3.pdb
TQ4.pdb
TQ5.pdb
TQ6.pdb
TQD.pdb
TQQ.pdb
TQT.pdb
TR1.pdb
TRA.pdb
TRB.pdb
TRC.pdb
TRD.pdb
TRE.pdb
TRF.pdb
TRG.pdb
TRH.pdb
TRI.pdb
TRJ.pdb
TRL.pdb
TRM.pdb
TRN.pdb
TRO.pdb
TRP.pdb
TRQ.pdb
TRR.pdb
TRS.pdb
TRT.pdb
TRU.pdb
TRW.pdb
TRX.pdb
TRZ.pdb
TS.pdb
TS0.pdb
TS1.pdb
TS2.pdb
TS3.pdb
TS4.pdb
TS5.pdb
TSA.pdb
TSB.pdb
TSC.pdb
TSD.pdb
TSE.pdb
TSH.pdb
TSI.pdb
TSL.pdb
TSM.pdb
TSN.pdb
TSP.pdb
TSS.pdb
TST.pdb
TSU.pdb
TSX.pdb
TTA.pdb
TTB.pdb
TTC.pdb
TTD.pdb
TTE.pdb
TTF.pdb
TTG.pdb
TTH.pdb
TTL.pdb
TTM.pdb
TTN.pdb
TTO.pdb
TTP.pdb
TTR.pdb
TTS.pdb
TTX.pdb
TUX.pdb
TWT.pdb
TX4.pdb
TX5.pdb
TXF.pdb
TXL.pdb
TYA.pdb
TYB.pdb
TYC.pdb
TYD.pdb
TYI.pdb
TYK.pdb
TYL.pdb
TYM.pdb
TYN.pdb
TYP.pdb
TYQ.pdb
TYR.pdb
TYS.pdb
TYT.pdb
TYU.pdb
TYV.pdb
TYY.pdb
TYZ.pdb
TZ4.pdb
TZ5.pdb
TZA.pdb
TZB.pdb
TZC.pdb
TZD.pdb
TZE.pdb
TZL.pdb
TZO.pdb
TZP.pdb
TZY.pdb
TZZ.pdb
U.pdb
U01.pdb
U02.pdb
U03.pdb
U04.pdb
U05.pdb
U0E.pdb
U1.pdb
U10.pdb
U11.pdb
U12.pdb
U13.pdb
U14.pdb
U15.pdb
U16.pdb
U17.pdb
U18.pdb
U19.pdb
U1K.pdb
U25.pdb
U2F.pdb
U2G.pdb
U2L.pdb
U2P.pdb
U31.pdb
U32.pdb
U33.pdb
U34.pdb
U36.pdb
U37.pdb
U3H.pdb
U3P.pdb
U49.pdb
U55.pdb
U5P.pdb
U66.pdb
U73.pdb
U89.pdb
U8U.pdb
UA1.pdb
UA3.pdb
UA5.pdb
UAA.pdb
UAG.pdb
UAP.pdb
UAR.pdb
UBA.pdb
UBB.pdb
UBC.pdb
UC1.pdb
UC2.pdb
UC3.pdb
UC4.pdb
UCB.pdb
UCD.pdb
UCM.pdb
UCN.pdb
UCP.pdb
UD1.pdb
UD2.pdb
UD5.pdb
UDA.pdb
UDH.pdb
UDM.pdb
UDP.pdb
UDX.pdb
UFG.pdb
UFM.pdb
UFP.pdb
UGA.pdb
UHD.pdb
UI1.pdb
UI2.pdb
UI3.pdb
UIB.pdb
UIN.pdb
UIP.pdb
UIQ.pdb
UIR.pdb
UIZ.pdb
UKC.pdb
UKP.pdb
ULA.pdb
UM3.pdb
UMA.pdb
UMF.pdb
UMG.pdb
UMP.pdb
UMQ.pdb
UMS.pdb
UN1.pdb
UN2.pdb
UN3.pdb
UN4.pdb
UN5.pdb
UN6.pdb
UN7.pdb
UN9.pdb
UNA.pdb
UNC.pdb
UND.pdb
UNH.pdb
UNI.pdb
UNK.pdb
UNN.pdb
UNX.pdb
UP5.pdb
UP6.pdb
UPA.pdb
UPF.pdb
UPG.pdb
UPL.pdb
UPM.pdb
UPP.pdb
UQ.pdb
UQ1.pdb
UQ2.pdb
UQ6.pdb
UQ7.pdb
UR2.pdb
UR3.pdb
URA.pdb
URC.pdb
URD.pdb
URE.pdb
URF.pdb
URI.pdb
URN.pdb
URO.pdb
URP.pdb
URS.pdb
USQ.pdb
UTP.pdb
UVC.pdb
UVW.pdb
UZ9.pdb
V.pdb
V35.pdb
V36.pdb
V4O.pdb
V7O.pdb
VA3.pdb
VAA.pdb
VAC.pdb
VAD.pdb
VAF.pdb
VAG.pdb
VAL.pdb
VAN.pdb
VAS.pdb
VAX.pdb
VCA.pdb
VD1.pdb
VD2.pdb
VDL.pdb
VDN.pdb
VDX.pdb
VDY.pdb
VDZ.pdb
VER.pdb
VG1.pdb
VIA.pdb
VIB.pdb
VIG.pdb
VIO.pdb
VIR.pdb
VIT.pdb
VIV.pdb
VK3.pdb
VLB.pdb
VLL.pdb
VLM.pdb
VMS.pdb
VNL.pdb
VNP.pdb
VO3.pdb
VO4.pdb
VOL.pdb
VPR.pdb
VRS.pdb
VS1.pdb
VS2.pdb
VS3.pdb
VS4.pdb
VSC.pdb
VSO.pdb
VTQ.pdb
VX.pdb
VX6.pdb
VXA.pdb
W.pdb
W01.pdb
W02.pdb
W03.pdb
W05.pdb
W11.pdb
W2X.pdb
W33.pdb
W35.pdb
W37.pdb
W42.pdb
W43.pdb
W54.pdb
W56.pdb
W59.pdb
W71.pdb
W84.pdb
W8R.pdb
W91.pdb
WAC.pdb
WAI.pdb
WAY.pdb
WBT.pdb
WBU.pdb
WCC.pdb
WIA.pdb
WO2.pdb
WO4.pdb
WO5.pdb
WRA.pdb
WRB.pdb
WRR.pdb
WRS.pdb
WSK.pdb
WW7.pdb
WWF.pdb
WY2.pdb
WY4.pdb
X.pdb
X04.pdb
X1P.pdb
X2F.pdb
X41.pdb
X7O.pdb
X81.pdb
XAA.pdb
XAN.pdb
XAO.pdb
XAT.pdb
XBB.pdb
XBP.pdb
XCC.pdb
XCY.pdb
XDL.pdb
XDN.pdb
XDP.pdb
XE.pdb
XED.pdb
XIF.pdb
XIH.pdb
XIL.pdb
XIM.pdb
XK2.pdb
XL1.pdb
XLC.pdb
XLD.pdb
XLM.pdb
XLS.pdb
XMA.pdb
XMB.pdb
XMC.pdb
XMD.pdb
XME.pdb
XMF.pdb
XMG.pdb
XMH.pdb
XMI.pdb
XMJ.pdb
XMK.pdb
XMM.pdb
XMP.pdb
XN1.pdb
XN2.pdb
XN3.pdb
XP4.pdb
XPA.pdb
XPE.pdb
XR2.pdb
XS2.pdb
XTG.pdb
XUG.pdb
XUL.pdb
XV6.pdb
XX5.pdb
XXX.pdb
XXY.pdb
XY2.pdb
XYA.pdb
XYD.pdb
XYF.pdb
XYH.pdb
XYL.pdb
XYP.pdb
XYS.pdb
XYZ.pdb
Y.pdb
Y1.pdb
Y27.pdb
Y3.pdb
YB.pdb
YBH.pdb
YBT.pdb
YCM.pdb
YF1.pdb
YF3.pdb
YF4.pdb
YG.pdb
YH.pdb
YMA.pdb
YOF.pdb
YOK.pdb
YOL.pdb
YOM.pdb
YPA.pdb
YRR.pdb
YSA.pdb
YSH.pdb
YT3.pdb
YVN.pdb
YYG.pdb
YZ9.pdb
Z.pdb
Z23.pdb
Z34.pdb
Z5A.pdb
ZAB.pdb
ZAF.pdb
ZAH.pdb
ZAM.pdb
ZAP.pdb
ZAR.pdb
ZDP.pdb
ZDR.pdb
ZDU.pdb
ZEA.pdb
ZEB.pdb
ZEC.pdb
ZED.pdb
ZEM.pdb
ZEN.pdb
ZES.pdb
ZEX.pdb
ZFB.pdb
ZH3.pdb
ZID.pdb
ZIP.pdb
ZIT.pdb
ZK5.pdb
ZK9.pdb
ZMR.pdb
ZN.pdb
ZN1.pdb
ZN2.pdb
ZN3.pdb
ZNH.pdb
ZNO.pdb
ZO3.pdb
ZOL.pdb
ZPQ.pdb
ZPR.pdb
ZRA.pdb
ZRC.pdb
ZST.pdb
ZTW.pdb
ZYA.pdb
ZZ1.pdb
ZZZ.pdb
p_8.pdb
p_9.pdb
