>PDB:1OXR_  mol:protein Phospholipase A2
>PDB:1TGM_  mol:protein Phospholipase A2
>PDB:1NMN_A mol:protein length:138     Hypothetical Protein Yqgf
>PDB:1CIW_A mol:protein length:236     Peanut Lectin
>PDB:1CIV_A mol:protein length:385     Nadp-Malate Dehydrogenase
>PDB:1QRD_A mol:protein length:273     Quinone-Reductase
>PDB:1TSR_A mol:protein length:219     P53 Tumor Suppressor
>PDB:1TSV_  mol:protein length:316     Thymidylate Synthase
>PDB:1B9T_A mol:protein length:390     Neuraminidase
>PDB:1B9U_A mol:protein-het length:34     ATP Synthase
>PDB:1EIO_A mol:protein length:127     Ileal Lipid Binding Protein
>PDB:1QNX_A mol:protein length:209     Ves V 5
>PDB:1Q6W_A mol:protein-het length:161     Monoamine Oxidase Regulatory Protein, Pu
>PDB:1GOS_A mol:protein length:520     Monoamine Oxidase
>PDB:1B4G_  mol:protein-het length:30 Potassium Channel
>PDB:1BRV_  mol:protein length:32 Protein G
>PDB:1BZG_  mol:protein length:34 Parathyroid Hormone-Related Protein
>PDB:1SPF_  mol:protein length:35 Pulmonary Surfactant-Associated Polypeptide C
>PDB:1BNB_  mol:protein length:38 Bovine Neutrophil Beta-Defensin 12
>PDB:1APQ_  mol:protein length:53 Complement Protease C1R
>PDB:1A91_  mol:protein length:79 F1Fo Atpase Subunit C
